Archive member included to satisfy reference by file (symbol)

.pio\build\moj\libFrameworkNoneOSVariant.a(ch32v20x_adc.o)
                              .pio\build\moj\src\ADC_DMA.o (symbol from plugin) (ADC_DeInit)
.pio\build\moj\libFrameworkNoneOSVariant.a(ch32v20x_dma.o)
                              .pio\build\moj\src\ADC_DMA.o (symbol from plugin) (DMA_DeInit)
.pio\build\moj\libFrameworkNoneOSVariant.a(ch32v20x_flash.o)
                              .pio\build\moj\src\Flash_saves.o (symbol from plugin) (FLASH_Unlock)
.pio\build\moj\libFrameworkNoneOSVariant.a(ch32v20x_gpio.o)
                              .pio\build\moj\src\ADC_DMA.o (symbol from plugin) (GPIO_Init)
.pio\build\moj\libFrameworkNoneOSVariant.a(ch32v20x_misc.o)
                              .pio\build\moj\src\main.o (symbol from plugin) (NVIC_PriorityGroupConfig)
.pio\build\moj\libFrameworkNoneOSVariant.a(ch32v20x_rcc.o)
                              .pio\build\moj\src\ADC_DMA.o (symbol from plugin) (RCC_ADCCLKConfig)
.pio\build\moj\libFrameworkNoneOSVariant.a(ch32v20x_tim.o)
                              .pio\build\moj\src\Motion_control.o (symbol from plugin) (TIM_TimeBaseInit)
.pio\build\moj\libFrameworkNoneOSVariant.a(ch32v20x_usart.o)
                              .pio\build\moj\src\_bus_hardware.o (symbol from plugin) (USART_Init)
.pio\build\moj\libFrameworkNoneOSVariant.a(ch32v20x_wwdg.o)
                              .pio\build\moj\src\main.o (symbol from plugin) (WWDG_DeInit)
c:/users/m/.platformio/packages/toolchain-riscv/bin/../lib/gcc/riscv-wch-elf/12.2.0/../../../../riscv-wch-elf/lib/rv32imac_xw/ilp32\libg_nano.a(lib_a-init.o)
                              .pio\build\moj\FrameworkNoneOSStartup\startup_ch32v20x_D6.o (__libc_init_array)
c:/users/m/.platformio/packages/toolchain-riscv/bin/../lib/gcc/riscv-wch-elf/12.2.0/rv32imac_xw/ilp32\libgcc.a(_ctzsi2.o)
                              C:\Users\m\AppData\Local\Temp\ccJ6ElGb.ltrans0.ltrans.o (__ctzsi2)
c:/users/m/.platformio/packages/toolchain-riscv/bin/../lib/gcc/riscv-wch-elf/12.2.0/rv32imac_xw/ilp32\libgcc.a(_udivdi3.o)
                              C:\Users\m\AppData\Local\Temp\ccJ6ElGb.ltrans0.ltrans.o (__udivdi3)
c:/users/m/.platformio/packages/toolchain-riscv/bin/../lib/gcc/riscv-wch-elf/12.2.0/rv32imac_xw/ilp32\libgcc.a(adddf3.o)
                              C:\Users\m\AppData\Local\Temp\ccJ6ElGb.ltrans0.ltrans.o (__adddf3)
c:/users/m/.platformio/packages/toolchain-riscv/bin/../lib/gcc/riscv-wch-elf/12.2.0/rv32imac_xw/ilp32\libgcc.a(divdf3.o)
                              C:\Users\m\AppData\Local\Temp\ccJ6ElGb.ltrans0.ltrans.o (__divdf3)
c:/users/m/.platformio/packages/toolchain-riscv/bin/../lib/gcc/riscv-wch-elf/12.2.0/rv32imac_xw/ilp32\libgcc.a(addsf3.o)
                              C:\Users\m\AppData\Local\Temp\ccJ6ElGb.ltrans0.ltrans.o (__addsf3)
c:/users/m/.platformio/packages/toolchain-riscv/bin/../lib/gcc/riscv-wch-elf/12.2.0/rv32imac_xw/ilp32\libgcc.a(divsf3.o)
                              C:\Users\m\AppData\Local\Temp\ccJ6ElGb.ltrans0.ltrans.o (__divsf3)
c:/users/m/.platformio/packages/toolchain-riscv/bin/../lib/gcc/riscv-wch-elf/12.2.0/rv32imac_xw/ilp32\libgcc.a(eqsf2.o)
                              C:\Users\m\AppData\Local\Temp\ccJ6ElGb.ltrans0.ltrans.o (__eqsf2)
c:/users/m/.platformio/packages/toolchain-riscv/bin/../lib/gcc/riscv-wch-elf/12.2.0/rv32imac_xw/ilp32\libgcc.a(gesf2.o)
                              C:\Users\m\AppData\Local\Temp\ccJ6ElGb.ltrans0.ltrans.o (__gesf2)
c:/users/m/.platformio/packages/toolchain-riscv/bin/../lib/gcc/riscv-wch-elf/12.2.0/rv32imac_xw/ilp32\libgcc.a(lesf2.o)
                              C:\Users\m\AppData\Local\Temp\ccJ6ElGb.ltrans0.ltrans.o (__lesf2)
c:/users/m/.platformio/packages/toolchain-riscv/bin/../lib/gcc/riscv-wch-elf/12.2.0/rv32imac_xw/ilp32\libgcc.a(mulsf3.o)
                              C:\Users\m\AppData\Local\Temp\ccJ6ElGb.ltrans0.ltrans.o (__mulsf3)
c:/users/m/.platformio/packages/toolchain-riscv/bin/../lib/gcc/riscv-wch-elf/12.2.0/rv32imac_xw/ilp32\libgcc.a(subsf3.o)
                              C:\Users\m\AppData\Local\Temp\ccJ6ElGb.ltrans0.ltrans.o (__subsf3)
c:/users/m/.platformio/packages/toolchain-riscv/bin/../lib/gcc/riscv-wch-elf/12.2.0/rv32imac_xw/ilp32\libgcc.a(fixsfsi.o)
                              C:\Users\m\AppData\Local\Temp\ccJ6ElGb.ltrans0.ltrans.o (__fixsfsi)
c:/users/m/.platformio/packages/toolchain-riscv/bin/../lib/gcc/riscv-wch-elf/12.2.0/rv32imac_xw/ilp32\libgcc.a(fixunssfsi.o)
                              C:\Users\m\AppData\Local\Temp\ccJ6ElGb.ltrans0.ltrans.o (__fixunssfsi)
c:/users/m/.platformio/packages/toolchain-riscv/bin/../lib/gcc/riscv-wch-elf/12.2.0/rv32imac_xw/ilp32\libgcc.a(floatsisf.o)
                              C:\Users\m\AppData\Local\Temp\ccJ6ElGb.ltrans0.ltrans.o (__floatsisf)
c:/users/m/.platformio/packages/toolchain-riscv/bin/../lib/gcc/riscv-wch-elf/12.2.0/rv32imac_xw/ilp32\libgcc.a(floatunsisf.o)
[...]
Memory Configuration

Name             Origin             Length             Attributes
FLASH            0x0000000000000000 0x000000000000f000 xr
RAM              0x0000000020000000 0x0000000000005000 xrw
*default*        0x0000000000000000 0xffffffffffffffff

Linker script and memory map

LOAD .pio\build\moj\FrameworkNoneOSCore\core_riscv.o
LOAD C:\Users\m\AppData\Local\Temp\ccJ6ElGb.ltrans0.ltrans.o
LOAD C:\Users\m\AppData\Local\Temp\cc7N4A7p.debug.temp.o
LOAD C:\Users\m\AppData\Local\Temp\ccy4n0sD.debug.temp.o
LOAD C:\Users\m\AppData\Local\Temp\ccN6ocTQ.debug.temp.o
LOAD C:\Users\m\AppData\Local\Temp\ccYqqD53.debug.temp.o
LOAD C:\Users\m\AppData\Local\Temp\ccbQ1Bmh.debug.temp.o
LOAD C:\Users\m\AppData\Local\Temp\cc6R9WOt.debug.temp.o
LOAD C:\Users\m\AppData\Local\Temp\ccrppZbG.debug.temp.o
LOAD C:\Users\m\AppData\Local\Temp\cceTThBS.debug.temp.o
LOAD C:\Users\m\AppData\Local\Temp\ccNZd7t5.debug.temp.o
LOAD C:\Users\m\AppData\Local\Temp\cc8g7Z5h.debug.temp.o
LOAD C:\Users\m\AppData\Local\Temp\ccLbWGYt.debug.temp.o
LOAD C:\Users\m\AppData\Local\Temp\ccIG8IJF.debug.temp.o
LOAD C:\Users\m\AppData\Local\Temp\ccr0UmAR.debug.temp.o
LOAD C:\Users\m\AppData\Local\Temp\ccgZktM3.debug.temp.o
LOAD C:\Users\m\AppData\Local\Temp\ccla9qOf.debug.temp.o
LOAD C:\Users\m\AppData\Local\Temp\cceHhSVr.debug.temp.o
LOAD C:\Users\m\AppData\Local\Temp\ccPWDkVH.debug.temp.o
LOAD C:\Users\m\AppData\Local\Temp\ccEBvQMX.debug.temp.o
LOAD C:\Users\m\AppData\Local\Temp\ccnfi14d.debug.temp.o
LOAD C:\Users\m\AppData\Local\Temp\cckK0Peu.debug.temp.o
LOAD C:\Users\m\AppData\Local\Temp\ccdN98tK.debug.temp.o
LOAD C:\Users\m\AppData\Local\Temp\ccgHvyZZ.debug.temp.o
LOAD C:\Users\m\AppData\Local\Temp\cchINhff.debug.temp.o
LOAD C:\Users\m\AppData\Local\Temp\cckCVtXu.debug.temp.o
LOAD C:\Users\m\AppData\Local\Temp\cc7jpyLK.debug.temp.o
LOAD .pio\build\moj\FrameworkNoneOSStartup\startup_ch32v20x_D6.o
LOAD .pio\build\moj\FrameworkNoneOSSSystem\system_ch32v20x.o
LOAD .pio\build\moj\FrameworkInitFini\cpp_support.o
LOAD .pio\build\moj\src\ADC_DMA.o
LOAD .pio\build\moj\src\Flash_saves.o
LOAD .pio\build\moj\src\MC_PULL_calibration.o
LOAD .pio\build\moj\src\Motion_control.o
LOAD .pio\build\moj\src\_bus_hardware.o
LOAD .pio\build\moj\src\ahub_bus.o
LOAD .pio\build\moj\src\ams.o
LOAD .pio\build\moj\src\bambu_bus_ams.o
LOAD .pio\build\moj\src\crc_bus.o
LOAD .pio\build\moj\src\hal\time_hw.o
LOAD .pio\build\moj\src\main.o
LOAD .pio\build\moj\src\many_soft_AS5600.o
LOAD .pio\build\moj\src\ws2812.o
START GROUP
LOAD .pio\build\moj\libFrameworkNoneOSVariant.a
END GROUP
LOAD c:/users/m/.platformio/packages/toolchain-riscv/bin/../lib/gcc/riscv-wch-elf/12.2.0/../../../../riscv-wch-elf/lib/rv32imac_xw/ilp32\libstdc++_nano.a
LOAD c:/users/m/.platformio/packages/toolchain-riscv/bin/../lib/gcc/riscv-wch-elf/12.2.0/../../../../riscv-wch-elf/lib/rv32imac_xw/ilp32\libm_nano.a
LOAD c:/users/m/.platformio/packages/toolchain-riscv/bin/../lib/gcc/riscv-wch-elf/12.2.0/rv32imac_xw/ilp32\libgcc.a
LOAD c:/users/m/.platformio/packages/toolchain-riscv/bin/../lib/gcc/riscv-wch-elf/12.2.0/../../../../riscv-wch-elf/lib/rv32imac_xw/ilp32\libg_nano.a
LOAD c:/users/m/.platformio/packages/toolchain-riscv/bin/../lib/gcc/riscv-wch-elf/12.2.0/../../../../riscv-wch-elf/lib/rv32imac_xw/ilp32\libc_nano.a
LOAD c:/users/m/.platformio/packages/toolchain-riscv/bin/../lib/gcc/riscv-wch-elf/12.2.0/rv32imac_xw/ilp32\libgcc.a
START GROUP
LOAD c:/users/m/.platformio/packages/toolchain-riscv/bin/../lib/gcc/riscv-wch-elf/12.2.0/rv32imac_xw/ilp32\libgcc.a
LOAD c:/users/m/.platformio/packages/toolchain-riscv/bin/../lib/gcc/riscv-wch-elf/12.2.0/../../../../riscv-wch-elf/lib/rv32imac_xw/ilp32\libc_nano.a
LOAD c:/users/m/.platformio/packages/toolchain-riscv/bin/../lib/gcc/riscv-wch-elf/12.2.0/../../../../riscv-wch-elf/lib/rv32imac_xw/ilp32\libnosys.a
END GROUP
START GROUP
LOAD c:/users/m/.platformio/packages/toolchain-riscv/bin/../lib/gcc/riscv-wch-elf/12.2.0/rv32imac_xw/ilp32\libgcc.a
LOAD c:/users/m/.platformio/packages/toolchain-riscv/bin/../lib/gcc/riscv-wch-elf/12.2.0/../../../../riscv-wch-elf/lib/rv32imac_xw/ilp32\libc_nano.a
LOAD c:/users/m/.platformio/packages/toolchain-riscv/bin/../lib/gcc/riscv-wch-elf/12.2.0/../../../../riscv-wch-elf/lib/rv32imac_xw/ilp32\libnosys.a
END GROUP
                0x0000000000000800                __stack_size = 0x800
                [!provide]                        PROVIDE (_stack_size = __stack_size)

.init           0x0000000000000000        0x4
                0x0000000000000000                _sinit = .
                0x0000000000000000                . = ALIGN (0x4)
 *(SORT_NONE(.init))
 .init          0x0000000000000000        0x4 .pio\build\moj\FrameworkNoneOSStartup\startup_ch32v20x_D6.o
                0x0000000000000000                _start
                0x0000000000000004                . = ALIGN (0x4)
                0x0000000000000004                _einit = .

.vector         0x0000000000000004       0xfc
 *(.vector)
 .vector        0x0000000000000004       0xfc .pio\build\moj\FrameworkNoneOSStartup\startup_ch32v20x_D6.o
                0x0000000000000100                . = ALIGN (0x40)

.highcode_initlalign
                0x0000000000000100        0x0
                0x0000000000000100                . = ALIGN (0x4)
                [!provide]                        PROVIDE (_highcode_init_lma = .)

.highcode_init  0x0000000020000000        0x0 load address 0x0000000000000100
                [!provide]                        PROVIDE (_highcode_init_vma_start = .)
                0x0000000020000000                . = ALIGN (0x400)
 *(.vector)
 *(SORT_NONE(.vector_handler))
 *(.highcode_init)
 *(.highcode_init.*)
                0x0000000020000000                . = ALIGN (0x4)
                [!provide]                        PROVIDE (_highcode_init_vma_end = .)

.highcodelalign
                0x0000000000000100        0x0
                0x0000000000000100                . = ALIGN (0x4)
                [!provide]                        PROVIDE (_highcode_lma = .)

.highcode       0x0000000020000000        0x0 load address 0x0000000000000100
                0x0000000020000000                . = ALIGN (0x4)
                [!provide]                        PROVIDE (_highcode_vma_start = .)
 *(.highcode)
 *(.highcode.*)
 *(.highcode_lp)
 *(.highcode_lp.*)
                0x0000000020000000                . = ALIGN (0x4)
                [!provide]                        PROVIDE (_highcode_vma_end = .)

.text           0x0000000000000100     0xbf14
                0x0000000000000100                . = ALIGN (0x4)
 *(.text)
 .text          0x0000000000000100       0x16 c:/users/m/.platformio/packages/toolchain-riscv/bin/../lib/gcc/riscv-wch-elf/12.2.0/../../../../riscv-wch-elf/lib/rv32imac_xw/ilp32\libg_nano.a(lib_a-memcpy-asm.o)
                0x0000000000000100                memcpy
 .text          0x0000000000000116       0x10 c:/users/m/.platformio/packages/toolchain-riscv/bin/../lib/gcc/riscv-wch-elf/12.2.0/../../../../riscv-wch-elf/lib/rv32imac_xw/ilp32\libg_nano.a(lib_a-memset.o)
                0x0000000000000116                memset
 .text          0x0000000000000126       0x60 c:/users/m/.platformio/packages/toolchain-riscv/bin/../lib/gcc/riscv-wch-elf/12.2.0/rv32imac_xw/ilp32\libgcc.a(save-restore.o)
                0x0000000000000126                __riscv_save_12
                0x000000000000012e                __riscv_save_9
                0x000000000000012e                __riscv_save_11
                0x000000000000012e                __riscv_save_10
                0x000000000000012e                __riscv_save_8
                0x000000000000013c                __riscv_save_4
                0x000000000000013c                __riscv_save_6
                0x000000000000013c                __riscv_save_5
                0x000000000000013c                __riscv_save_7
                0x0000000000000156                __riscv_save_3
                0x0000000000000156                __riscv_save_2
                0x0000000000000156                __riscv_save_1
                0x0000000000000156                __riscv_save_0
                0x0000000000000162                __riscv_restore_12
                0x0000000000000166                __riscv_restore_11
                0x0000000000000166                __riscv_restore_9
                0x0000000000000166                __riscv_restore_10
                0x0000000000000166                __riscv_restore_8
                0x0000000000000170                __riscv_restore_5
                0x0000000000000170                __riscv_restore_7
                0x0000000000000170                __riscv_restore_6
                0x0000000000000170                __riscv_restore_4
                0x000000000000017a                __riscv_restore_3
                0x000000000000017a                __riscv_restore_0
                0x000000000000017a                __riscv_restore_2
                0x000000000000017a                __riscv_restore_1
 *(.text.*)
 .text._ZL12filter_resetv
                0x0000000000000186       0x4e C:\Users\m\AppData\Local\Temp\ccJ6ElGb.ltrans0.ltrans.o
 .text._ZL26process_half_update_filterPKm
                0x00000000000001d4      0x164 C:\Users\m\AppData\Local\Temp\ccJ6ElGb.ltrans0.ltrans.o
 .text._Z12ADC_DMA_pollv
                0x0000000000000338       0x52 C:\Users\m\AppData\Local\Temp\ccJ6ElGb.ltrans0.ltrans.o
 .text._Z17ADC_DMA_get_valuev
                0x000000000000038a       0xb0 C:\Users\m\AppData\Local\Temp\ccJ6ElGb.ltrans0.ltrans.o
 .text._ZL14crc32_hw_wordsPKvm
                0x000000000000043a       0x24 C:\Users\m\AppData\Local\Temp\ccJ6ElGb.ltrans0.ltrans.o
 .text._ZL15adc_pull_raw_chiPKf
                0x000000000000045e       0x1e C:\Users\m\AppData\Local\Temp\ccJ6ElGb.ltrans0.ltrans.o
 .text._ZL24dm_key_round_up_to_centif
                0x000000000000047c       0x60 C:\Users\m\AppData\Local\Temp\ccJ6ElGb.ltrans0.ltrans.o
 .text._ZL19pull_v_to_percent_fhf
                0x00000000000004dc      0x110 C:\Users\m\AppData\Local\Temp\ccJ6ElGb.ltrans0.ltrans.o
 .text._ZL19MC_PULL_ONLINE_readm
                0x00000000000005ec      0x34e C:\Users\m\AppData\Local\Temp\ccJ6ElGb.ltrans0.ltrans.o
 .text._ZL23Motion_control_defaultsv
                0x000000000000093a       0x2e C:\Users\m\AppData\Local\Temp\ccJ6ElGb.ltrans0.ltrans.o
 .text._ZL26Motion_control_apply_savedv
                0x0000000000000968       0x4a C:\Users\m\AppData\Local\Temp\ccJ6ElGb.ltrans0.ltrans.o
 .text._ZN9MOTOR_PID8caculateEff
                0x00000000000009b2       0xae C:\Users\m\AppData\Local\Temp\ccJ6ElGb.ltrans0.ltrans.o
 .text.startup._ZN14_MOTOR_CONTROLC2Ei
                0x0000000000000a60       0x84 C:\Users\m\AppData\Local\Temp\ccJ6ElGb.ltrans0.ltrans.o
 .text._ZN14_MOTOR_CONTROL10set_motionE20filament_motion_enumyy
                0x0000000000000ae4      0x530 C:\Users\m\AppData\Local\Temp\ccJ6ElGb.ltrans0.ltrans.o
 .text._Z22Motion_control_set_PWMhi
                0x0000000000001014       0x60 C:\Users\m\AppData\Local\Temp\ccJ6ElGb.ltrans0.ltrans.o
 .text._Z18bus_uart1_dma_sendPht
                0x0000000000001074       0x56 C:\Users\m\AppData\Local\Temp\ccJ6ElGb.ltrans0.ltrans.o
 .text._Z22get_filament_left_charPK4_ams
                0x00000000000010ca       0x42 C:\Users\m\AppData\Local\Temp\ccJ6ElGb.ltrans0.ltrans.o
 .text.bus_crc8
                0x000000000000110c       0x22 C:\Users\m\AppData\Local\Temp\ccJ6ElGb.ltrans0.ltrans.o
 .text._Z22ahubus_package_add_crcPh
                0x000000000000112e       0x48 C:\Users\m\AppData\Local\Temp\ccJ6ElGb.ltrans0.ltrans.o
 .text._Z15package_add_crcPhi
                0x0000000000001176       0x62 C:\Users\m\AppData\Local\Temp\ccJ6ElGb.ltrans0.ltrans.o
 .text.delay.part.0
                0x00000000000011d8       0x2c C:\Users\m\AppData\Local\Temp\ccJ6ElGb.ltrans0.ltrans.o
 .text.delay    0x0000000000001204        0x6 C:\Users\m\AppData\Local\Temp\ccJ6ElGb.ltrans0.ltrans.o
 .text._Z17ADC_DMA_wait_fullv
                0x000000000000120a       0x4a C:\Users\m\AppData\Local\Temp\ccJ6ElGb.ltrans0.ltrans.o
 .text._Z35ams_datas_set_need_to_save_filamenth
                0x0000000000001254       0x18 C:\Users\m\AppData\Local\Temp\ccJ6ElGb.ltrans0.ltrans.o
 .text._Z22ams_state_set_unloadedh
                0x000000000000126c       0x24 C:\Users\m\AppData\Local\Temp\ccJ6ElGb.ltrans0.ltrans.o
 .text._Z10set_motionhhhh.part.0
                0x0000000000001290      0x546 C:\Users\m\AppData\Local\Temp\ccJ6ElGb.ltrans0.ltrans.o
 .text._ZN12WS2812_class6updataEv
                0x00000000000017d6       0xb6 C:\Users\m\AppData\Local\Temp\ccJ6ElGb.ltrans0.ltrans.o
 .text._Z10RGB_updatev
                0x000000000000188c       0x88 C:\Users\m\AppData\Local\Temp\ccJ6ElGb.ltrans0.ltrans.o
 .text.FLASH_Lock
                0x0000000000001914        0xe C:\Users\m\AppData\Local\Temp\ccJ6ElGb.ltrans0.ltrans.o
 .text.FLASH_GetBank1Status
                0x0000000000001922       0x16 C:\Users\m\AppData\Local\Temp\ccJ6ElGb.ltrans0.ltrans.o
 .text.FLASH_WaitForLastOperation
                0x0000000000001938       0x20 C:\Users\m\AppData\Local\Temp\ccJ6ElGb.ltrans0.ltrans.o
 .text._ZL16flash_prog_wordsmPKmm
                0x0000000000001958       0xe0 C:\Users\m\AppData\Local\Temp\ccJ6ElGb.ltrans0.ltrans.o
 .text.FLASH_ErasePage_Fast
                0x0000000000001a38       0x2a C:\Users\m\AppData\Local\Temp\ccJ6ElGb.ltrans0.ltrans.o
 .text._ZL14flash256_erasem.part.0
                0x0000000000001a62       0x6e C:\Users\m\AppData\Local\Temp\ccJ6ElGb.ltrans0.ltrans.o
 .text.GPIO_Init
                0x0000000000001ad0       0xee C:\Users\m\AppData\Local\Temp\ccJ6ElGb.ltrans0.ltrans.o
 .text._ZN20AS5600_soft_IIC_many8stop_iicEv.constprop.0
                0x0000000000001bbe       0xfc C:\Users\m\AppData\Local\Temp\ccJ6ElGb.ltrans0.ltrans.o
 .text._ZN20AS5600_soft_IIC_many5set_hEPKP12GPIO_TypeDefPKt.constprop.0
                0x0000000000001cba       0x3a C:\Users\m\AppData\Local\Temp\ccJ6ElGb.ltrans0.ltrans.o
 .text._ZN20AS5600_soft_IIC_many5set_lEPKP12GPIO_TypeDefPKt.constprop.0
                0x0000000000001cf4       0x3a C:\Users\m\AppData\Local\Temp\ccJ6ElGb.ltrans0.ltrans.o
 .text._ZN20AS5600_soft_IIC_many11clear_datasEv.constprop.0
                0x0000000000001d2e       0x32 C:\Users\m\AppData\Local\Temp\ccJ6ElGb.ltrans0.ltrans.o
 .text._ZL20retract_mag_from_errff.part.0.constprop.0
                0x0000000000001d60       0xbc C:\Users\m\AppData\Local\Temp\ccJ6ElGb.ltrans0.ltrans.o
 .text._ZN14_MOTOR_CONTROL9hold_loadEffR9MOTOR_PIDRfRhS2_RbS2_S4_.constprop.0.isra.0
                0x0000000000001e1c      0x15c C:\Users\m\AppData\Local\Temp\ccJ6ElGb.ltrans0.ltrans.o
 .text._Z19ADC_DMA_gpio_analogv
                0x0000000000001f78       0x3c C:\Users\m\AppData\Local\Temp\ccJ6ElGb.ltrans0.ltrans.o
 .text._Z32MC_PULL_detect_channels_insertedv
                0x0000000000001fb4       0xc0 C:\Users\m\AppData\Local\Temp\ccJ6ElGb.ltrans0.ltrans.o
 .text._ZL13adc_calibrateP11ADC_TypeDef
                0x0000000000002074       0x32 C:\Users\m\AppData\Local\Temp\ccJ6ElGb.ltrans0.ltrans.o
 .text._Z12ADC_DMA_initv.part.0
                0x00000000000020a6      0x29a C:\Users\m\AppData\Local\Temp\ccJ6ElGb.ltrans0.ltrans.o
 .text._ZN12WS2812_class4initEhP12GPIO_TypeDeft
                0x0000000000002340       0xd0 C:\Users\m\AppData\Local\Temp\ccJ6ElGb.ltrans0.ltrans.o
 .text._ZN20AS5600_soft_IIC_many17enable_gpio_clockEP12GPIO_TypeDef.constprop.0
                0x0000000000002410       0x52 C:\Users\m\AppData\Local\Temp\ccJ6ElGb.ltrans0.ltrans.o
 .text._ZN12WS2812_class14set_RGB_onlineEhhhhb.constprop.0
                0x0000000000002462       0x24 C:\Users\m\AppData\Local\Temp\ccJ6ElGb.ltrans0.ltrans.o
 .text._ZL14show_diag_stephhhii
                0x0000000000002486       0x5a C:\Users\m\AppData\Local\Temp\ccJ6ElGb.ltrans0.ltrans.o
 .text._ZL16motor_motion_runiym
                0x00000000000024e0     0x26a8 C:\Users\m\AppData\Local\Temp\ccJ6ElGb.ltrans0.ltrans.o
 .text._ZL9blink_allhhhiii.constprop.0
                0x0000000000004b88       0x66 C:\Users\m\AppData\Local\Temp\ccJ6ElGb.ltrans0.ltrans.o
 .text._ZL9blink_oneihhhiii.constprop.0
                0x0000000000004bee       0x6c C:\Users\m\AppData\Local\Temp\ccJ6ElGb.ltrans0.ltrans.o
 .text._ZL25flash_runtime_cache_clearv
                0x0000000000004c5a       0x34 C:\Users\m\AppData\Local\Temp\ccJ6ElGb.ltrans0.ltrans.o
 .text._Z20Flash_NVM_full_clearv
                0x0000000000004c8e       0xae C:\Users\m\AppData\Local\Temp\ccJ6ElGb.ltrans0.ltrans.o
 .text._Z16Flash_saves_initv
                0x0000000000004d3c       0xee C:\Users\m\AppData\Local\Temp\ccJ6ElGb.ltrans0.ltrans.o
 .text._Z25bambubus_long_package_getP25bambubus_long_packge_data
                0x0000000000004e2a       0xa2 C:\Users\m\AppData\Local\Temp\ccJ6ElGb.ltrans0.ltrans.o
 .text._ZL26online_detect_build_packethh.constprop.0
                0x0000000000004ecc       0x4c C:\Users\m\AppData\Local\Temp\ccJ6ElGb.ltrans0.ltrans.o
 .text._ZL11nvm256_readmmtPvtPtPm.constprop.0
                0x0000000000004f18       0x70 C:\Users\m\AppData\Local\Temp\ccJ6ElGb.ltrans0.ltrans.o
 .text._ZL19Motion_control_readv
                0x0000000000004f88       0x70 C:\Users\m\AppData\Local\Temp\ccJ6ElGb.ltrans0.ltrans.o
 .text._ZL12nvm256_writemmtmPKvt.part.0.constprop.0
                0x0000000000004ff8      0x110 C:\Users\m\AppData\Local\Temp\ccJ6ElGb.ltrans0.ltrans.o
 .text._ZL19Motion_control_savev
                0x0000000000005108       0x64 C:\Users\m\AppData\Local\Temp\ccJ6ElGb.ltrans0.ltrans.o
 .text._Z24MC_PULL_calibration_bootv
                0x000000000000516c      0x824 C:\Users\m\AppData\Local\Temp\ccJ6ElGb.ltrans0.ltrans.o
 .text._ZN20AS5600_soft_IIC_many12sda_mode_ipuEi.constprop.0
                0x0000000000005990       0x52 C:\Users\m\AppData\Local\Temp\ccJ6ElGb.ltrans0.ltrans.o
 .text._ZN20AS5600_soft_IIC_many11sda_mode_odEi.constprop.0
                0x00000000000059e2       0x54 C:\Users\m\AppData\Local\Temp\ccJ6ElGb.ltrans0.ltrans.o
 .text._ZN20AS5600_soft_IIC_many8read_iicEb.constprop.0
                0x0000000000005a36      0x176 C:\Users\m\AppData\Local\Temp\ccJ6ElGb.ltrans0.ltrans.o
 .text._ZN20AS5600_soft_IIC_many9write_iicEh.constprop.0
                0x0000000000005bac      0x166 C:\Users\m\AppData\Local\Temp\ccJ6ElGb.ltrans0.ltrans.o
 .text._ZN20AS5600_soft_IIC_many9start_iicEh.constprop.0
                0x0000000000005d12       0xa4 C:\Users\m\AppData\Local\Temp\ccJ6ElGb.ltrans0.ltrans.o
 .text._ZN20AS5600_soft_IIC_many10updata_stuEv.constprop.0
                0x0000000000005db6       0x8c C:\Users\m\AppData\Local\Temp\ccJ6ElGb.ltrans0.ltrans.o
 .text._ZN20AS5600_soft_IIC_many12updata_angleEv.constprop.0
                0x0000000000005e42       0x82 C:\Users\m\AppData\Local\Temp\ccJ6ElGb.ltrans0.ltrans.o
 .text._Z22AS5600_distance_updatam
                0x0000000000005ec4      0x1e2 C:\Users\m\AppData\Local\Temp\ccJ6ElGb.ltrans0.ltrans.o
 .text._ZL13MOTOR_get_dirv
                0x00000000000060a6      0x1d0 C:\Users\m\AppData\Local\Temp\ccJ6ElGb.ltrans0.ltrans.o
 .text.SystemInit
                0x0000000000006276       0xa8 C:\Users\m\AppData\Local\Temp\ccJ6ElGb.ltrans0.ltrans.o
                0x0000000000006276                SystemInit
 .text.USART1_IRQHandler
                0x000000000000631e      0x250 C:\Users\m\AppData\Local\Temp\ccJ6ElGb.ltrans0.ltrans.o
                0x000000000000631e                USART1_IRQHandler
 .text.startup.main
                0x000000000000656e     0x2844 C:\Users\m\AppData\Local\Temp\ccJ6ElGb.ltrans0.ltrans.o
                0x000000000000656e                main
 .text.startup._sub_I_65535_0.0
                0x0000000000008db2      0x14e C:\Users\m\AppData\Local\Temp\ccJ6ElGb.ltrans0.ltrans.o
 .text.vector_handler
                0x0000000000008f00        0x2 .pio\build\moj\FrameworkNoneOSStartup\startup_ch32v20x_D6.o
                0x0000000000008f00                EXTI2_IRQHandler
                0x0000000000008f00                TIM1_CC_IRQHandler
                0x0000000000008f00                HardFault_Handler
                0x0000000000008f00                SysTick_Handler
                0x0000000000008f00                PVD_IRQHandler
                0x0000000000008f00                NMI_Handler
                0x0000000000008f00                EXTI3_IRQHandler
                0x0000000000008f00                USBFS_IRQHandler
                0x0000000000008f00                EXTI0_IRQHandler
                0x0000000000008f00                I2C2_EV_IRQHandler
                0x0000000000008f00                ADC1_2_IRQHandler
                0x0000000000008f00                Break_Point_Handler
                0x0000000000008f00                SPI1_IRQHandler
                0x0000000000008f00                TAMPER_IRQHandler
                0x0000000000008f00                Ecall_M_Mode_Handler
                0x0000000000008f00                DMA1_Channel4_IRQHandler
                0x0000000000008f00                USART3_IRQHandler
                0x0000000000008f00                RTC_IRQHandler
                0x0000000000008f00                DMA1_Channel7_IRQHandler
                0x0000000000008f00                CAN1_RX1_IRQHandler
                0x0000000000008f00                TIM4_IRQHandler
                0x0000000000008f00                I2C1_EV_IRQHandler
                0x0000000000008f00                DMA1_Channel6_IRQHandler
                0x0000000000008f00                UART4_IRQHandler
                0x0000000000008f00                TIM3_IRQHandler
                0x0000000000008f00                RCC_IRQHandler
                0x0000000000008f00                TIM1_TRG_COM_IRQHandler
                0x0000000000008f00                DMA1_Channel1_IRQHandler
                0x0000000000008f00                EXTI15_10_IRQHandler
                0x0000000000008f00                DMA1_Channel8_IRQHandler
                0x0000000000008f00                EXTI9_5_IRQHandler
                0x0000000000008f00                SPI2_IRQHandler
                0x0000000000008f00                DMA1_Channel5_IRQHandler
                0x0000000000008f00                EXTI4_IRQHandler
                0x0000000000008f00                USB_LP_CAN1_RX0_IRQHandler
                0x0000000000008f00                USB_HP_CAN1_TX_IRQHandler
                0x0000000000008f00                DMA1_Channel3_IRQHandler
                0x0000000000008f00                TIM1_UP_IRQHandler
                0x0000000000008f00                WWDG_IRQHandler
                0x0000000000008f00                Ecall_U_Mode_Handler
                0x0000000000008f00                TIM2_IRQHandler
                0x0000000000008f00                SW_Handler
                0x0000000000008f00                TIM1_BRK_IRQHandler
                0x0000000000008f00                EXTI1_IRQHandler
                0x0000000000008f00                RTCAlarm_IRQHandler
                0x0000000000008f00                USART2_IRQHandler
                0x0000000000008f00                I2C2_ER_IRQHandler
                0x0000000000008f00                DMA1_Channel2_IRQHandler
                0x0000000000008f00                CAN1_SCE_IRQHandler
                0x0000000000008f00                FLASH_IRQHandler
                0x0000000000008f00                USBFSWakeUp_IRQHandler
                0x0000000000008f00                I2C1_ER_IRQHandler
                0x0000000000008f00                USBWakeUp_IRQHandler
 .text.handle_reset
                0x0000000000008f02       0x8c .pio\build\moj\FrameworkNoneOSStartup\startup_ch32v20x_D6.o
                0x0000000000008f02                handle_reset
 .text.__libc_init_array
                0x0000000000008f8e       0x5e c:/users/m/.platformio/packages/toolchain-riscv/bin/../lib/gcc/riscv-wch-elf/12.2.0/../../../../riscv-wch-elf/lib/rv32imac_xw/ilp32\libg_nano.a(lib_a-init.o)
                0x0000000000008f8e                __libc_init_array
 .text.memcmp   0x0000000000008fec       0x24 c:/users/m/.platformio/packages/toolchain-riscv/bin/../lib/gcc/riscv-wch-elf/12.2.0/../../../../riscv-wch-elf/lib/rv32imac_xw/ilp32\libg_nano.a(lib_a-memcmp.o)
                0x0000000000008fec                memcmp
 .text.__ctzsi2
                0x0000000000009010       0x66 c:/users/m/.platformio/packages/toolchain-riscv/bin/../lib/gcc/riscv-wch-elf/12.2.0/rv32imac_xw/ilp32\libgcc.a(_ctzsi2.o)
                0x0000000000009010                __ctzsi2
 .text.__udivdi3
                0x0000000000009076      0x3a6 c:/users/m/.platformio/packages/toolchain-riscv/bin/../lib/gcc/riscv-wch-elf/12.2.0/rv32imac_xw/ilp32\libgcc.a(_udivdi3.o)
                0x0000000000009076                __udivdi3
 .text.__adddf3
                0x000000000000941c      0x6e8 c:/users/m/.platformio/packages/toolchain-riscv/bin/../lib/gcc/riscv-wch-elf/12.2.0/rv32imac_xw/ilp32\libgcc.a(adddf3.o)
                0x000000000000941c                __adddf3
 .text.__divdf3
                0x0000000000009b04      0x5ae c:/users/m/.platformio/packages/toolchain-riscv/bin/../lib/gcc/riscv-wch-elf/12.2.0/rv32imac_xw/ilp32\libgcc.a(divdf3.o)
                0x0000000000009b04                __divdf3
 .text.__addsf3
                0x000000000000a0b2      0x368 c:/users/m/.platformio/packages/toolchain-riscv/bin/../lib/gcc/riscv-wch-elf/12.2.0/rv32imac_xw/ilp32\libgcc.a(addsf3.o)
                0x000000000000a0b2                __addsf3
 .text.__divsf3
                0x000000000000a41a      0x2ea c:/users/m/.platformio/packages/toolchain-riscv/bin/../lib/gcc/riscv-wch-elf/12.2.0/rv32imac_xw/ilp32\libgcc.a(divsf3.o)
                0x000000000000a41a                __divsf3
 .text.__eqsf2  0x000000000000a704       0x5e c:/users/m/.platformio/packages/toolchain-riscv/bin/../lib/gcc/riscv-wch-elf/12.2.0/rv32imac_xw/ilp32\libgcc.a(eqsf2.o)
                0x000000000000a704                __eqsf2
                0x000000000000a704                __nesf2
 .text.__gesf2  0x000000000000a762       0x96 c:/users/m/.platformio/packages/toolchain-riscv/bin/../lib/gcc/riscv-wch-elf/12.2.0/rv32imac_xw/ilp32\libgcc.a(gesf2.o)
                0x000000000000a762                __gesf2
                0x000000000000a762                __gtsf2
 .text.__lesf2  0x000000000000a7f8       0x98 c:/users/m/.platformio/packages/toolchain-riscv/bin/../lib/gcc/riscv-wch-elf/12.2.0/rv32imac_xw/ilp32\libgcc.a(lesf2.o)
                0x000000000000a7f8                __ltsf2
                0x000000000000a7f8                __lesf2
 .text.__mulsf3
                0x000000000000a890      0x2dc c:/users/m/.platformio/packages/toolchain-riscv/bin/../lib/gcc/riscv-wch-elf/12.2.0/rv32imac_xw/ilp32\libgcc.a(mulsf3.o)
                0x000000000000a890                __mulsf3
 .text.__subsf3
                0x000000000000ab6c      0x38c c:/users/m/.platformio/packages/toolchain-riscv/bin/../lib/gcc/riscv-wch-elf/12.2.0/rv32imac_xw/ilp32\libgcc.a(subsf3.o)
                0x000000000000ab6c                __subsf3
 .text.__fixsfsi
                0x000000000000aef8       0x60 c:/users/m/.platformio/packages/toolchain-riscv/bin/../lib/gcc/riscv-wch-elf/12.2.0/rv32imac_xw/ilp32\libgcc.a(fixsfsi.o)
                0x000000000000aef8                __fixsfsi
 .text.__fixunssfsi
                0x000000000000af58       0x52 c:/users/m/.platformio/packages/toolchain-riscv/bin/../lib/gcc/riscv-wch-elf/12.2.0/rv32imac_xw/ilp32\libgcc.a(fixunssfsi.o)
                0x000000000000af58                __fixunssfsi
 .text.__floatsisf
                0x000000000000afaa       0xcc c:/users/m/.platformio/packages/toolchain-riscv/bin/../lib/gcc/riscv-wch-elf/12.2.0/rv32imac_xw/ilp32\libgcc.a(floatsisf.o)
                0x000000000000afaa                __floatsisf
 .text.__floatunsisf
                0x000000000000b076       0xbc c:/users/m/.platformio/packages/toolchain-riscv/bin/../lib/gcc/riscv-wch-elf/12.2.0/rv32imac_xw/ilp32\libgcc.a(floatunsisf.o)
                0x000000000000b076                __floatunsisf
 .text.__floatundisf
                0x000000000000b132      0x12e c:/users/m/.platformio/packages/toolchain-riscv/bin/../lib/gcc/riscv-wch-elf/12.2.0/rv32imac_xw/ilp32\libgcc.a(floatundisf.o)
                0x000000000000b132                __floatundisf
 .text.__extendsfdf2
                0x000000000000b260       0xa6 c:/users/m/.platformio/packages/toolchain-riscv/bin/../lib/gcc/riscv-wch-elf/12.2.0/rv32imac_xw/ilp32\libgcc.a(extendsfdf2.o)
                0x000000000000b260                __extendsfdf2
 .text.__truncdfsf2
                0x000000000000b306      0x16c c:/users/m/.platformio/packages/toolchain-riscv/bin/../lib/gcc/riscv-wch-elf/12.2.0/rv32imac_xw/ilp32\libgcc.a(truncdfsf2.o)
                0x000000000000b306                __truncdfsf2
 .text.__clzsi2
                0x000000000000b472       0x68 c:/users/m/.platformio/packages/toolchain-riscv/bin/../lib/gcc/riscv-wch-elf/12.2.0/rv32imac_xw/ilp32\libgcc.a(_clzsi2.o)
                0x000000000000b472                __clzsi2
 *(.rodata)
 *fill*         0x000000000000b4da        0x2 
 .rodata        0x000000000000b4dc      0x110 C:\Users\m\AppData\Local\Temp\ccJ6ElGb.ltrans0.ltrans.o
 *(.rodata*)
 .rodata._ZL16motor_motion_runiym
                0x000000000000b5ec       0x58 C:\Users\m\AppData\Local\Temp\ccJ6ElGb.ltrans0.ltrans.o
 .rodata.main   0x000000000000b644       0x14 C:\Users\m\AppData\Local\Temp\ccJ6ElGb.ltrans0.ltrans.o
 .rodata._ZL15AS5600_SDA_PORT
                0x000000000000b658       0x10 C:\Users\m\AppData\Local\Temp\ccJ6ElGb.ltrans0.ltrans.o
 .rodata._ZL15AS5600_SCL_PORT
                0x000000000000b668       0x10 C:\Users\m\AppData\Local\Temp\ccJ6ElGb.ltrans0.ltrans.o
 .rodata._ZZL28bambubus_build_static_serialvE3hex
                0x000000000000b678       0x11 C:\Users\m\AppData\Local\Temp\ccJ6ElGb.ltrans0.ltrans.o
 *fill*         0x000000000000b689        0x3 
 .rodata._ZL27before_on_use_sniff_7f_rows
                0x000000000000b68c      0x438 C:\Users\m\AppData\Local\Temp\ccJ6ElGb.ltrans0.ltrans.o
 .rodata._ZL45_bambubus_ams_motion_package_struct_init_data
                0x000000000000bac4       0x2c C:\Users\m\AppData\Local\Temp\ccJ6ElGb.ltrans0.ltrans.o
 .rodata._ZL49_bambubus_ams_stu_motion_package_struct_init_data
                0x000000000000baf0       0x3c C:\Users\m\AppData\Local\Temp\ccJ6ElGb.ltrans0.ltrans.o
 .rodata.g_crc8_tbl
                0x000000000000bb2c      0x100 C:\Users\m\AppData\Local\Temp\ccJ6ElGb.ltrans0.ltrans.o
 .rodata.g_crc16_tbl
                0x000000000000bc2c      0x200 C:\Users\m\AppData\Local\Temp\ccJ6ElGb.ltrans0.ltrans.o
 .rodata.__divdf3
                0x000000000000be2c       0x40 c:/users/m/.platformio/packages/toolchain-riscv/bin/../lib/gcc/riscv-wch-elf/12.2.0/rv32imac_xw/ilp32\libgcc.a(divdf3.o)
 .rodata.__divsf3
                0x000000000000be6c       0xa8 c:/users/m/.platformio/packages/toolchain-riscv/bin/../lib/gcc/riscv-wch-elf/12.2.0/rv32imac_xw/ilp32\libgcc.a(divsf3.o)
 .rodata.__clz_tab
                0x000000000000bf14      0x100 c:/users/m/.platformio/packages/toolchain-riscv/bin/../lib/gcc/riscv-wch-elf/12.2.0/rv32imac_xw/ilp32\libgcc.a(_clz.o)
                0x000000000000bf14                __clz_tab
 *(.gnu.linkonce.t.*)
                0x000000000000c014                . = ALIGN (0x4)
                0x000000000000c014                __fsymtab_start = .
 *(FSymTab)
                0x000000000000c014                __fsymtab_end = .
                0x000000000000c014                . = ALIGN (0x4)
                0x000000000000c014                __vsymtab_start = .
 *(VSymTab)
                0x000000000000c014                __vsymtab_end = .
                0x000000000000c014                . = ALIGN (0x4)
                0x000000000000c014                . = ALIGN (0x4)
                0x000000000000c014                __rt_init_start = .
 *(SORT_BY_NAME(.rti_fn*))
                0x000000000000c014                __rt_init_end = .
                0x000000000000c014                . = ALIGN (0x4)
                0x000000000000c014                . = ALIGN (0x4)
                0x000000000000c014                __rtmsymtab_start = .
 *(RTMSymTab)
                0x000000000000c014                __rtmsymtab_end = .
                0x000000000000c014                . = ALIGN (0x4)

.rela.dyn       0x000000000000c014        0x0
 .rela.init     0x000000000000c014        0x0 .pio\build\moj\FrameworkNoneOSStartup\startup_ch32v20x_D6.o
 .rela.vector   0x000000000000c014        0x0 .pio\build\moj\FrameworkNoneOSStartup\startup_ch32v20x_D6.o
 .rela.text.handle_reset
                0x000000000000c014        0x0 .pio\build\moj\FrameworkNoneOSStartup\startup_ch32v20x_D6.o
 .rela.text.__libc_init_array
                0x000000000000c014        0x0 .pio\build\moj\FrameworkNoneOSStartup\startup_ch32v20x_D6.o

.fini           0x000000000000c014        0x0
 *(SORT_NONE(.fini))
                0x000000000000c014                . = ALIGN (0x4)
                [!provide]                        PROVIDE (_etext = .)
                [!provide]                        PROVIDE (_eitcm = .)

.preinit_array  0x000000000000c014        0x0
                0x000000000000c014                PROVIDE (__preinit_array_start = .)
 *(.preinit_array)
                0x000000000000c014                PROVIDE (__preinit_array_end = .)

.init_array     0x000000000000c014        0x4
                0x000000000000c014                PROVIDE (__init_array_start = .)
 *(SORT_BY_INIT_PRIORITY(.init_array.*) SORT_BY_INIT_PRIORITY(.ctors.*))
 *(.init_array EXCLUDE_FILE(*crtend?.o *crtend.o *crtbegin?.o *crtbegin.o) .ctors)
 .init_array    0x000000000000c014        0x4 C:\Users\m\AppData\Local\Temp\ccJ6ElGb.ltrans0.ltrans.o
                0x000000000000c018                PROVIDE (__init_array_end = .)

.fini_array     0x000000000000c018        0x0
                [!provide]                        PROVIDE (__fini_array_start = .)
 *(SORT_BY_INIT_PRIORITY(.fini_array.*) SORT_BY_INIT_PRIORITY(.dtors.*))
 *(.fini_array EXCLUDE_FILE(*crtend?.o *crtend.o *crtbegin?.o *crtbegin.o) .dtors)
                [!provide]                        PROVIDE (__fini_array_end = .)

.ctors
 *crtbegin.o(.ctors)
 *crtbegin?.o(.ctors)
 *(EXCLUDE_FILE(*crtend?.o *crtend.o) .ctors)
 *(SORT_BY_NAME(.ctors.*))
 *(.ctors)

.dtors
 *crtbegin.o(.dtors)
 *crtbegin?.o(.dtors)
 *(EXCLUDE_FILE(*crtend?.o *crtend.o) .dtors)
 *(SORT_BY_NAME(.dtors.*))
 *(.dtors)

.dalign         0x0000000020000000        0x0 load address 0x000000000000c018
                0x0000000020000000                . = ALIGN (0x4)
                0x0000000020000000                PROVIDE (_data_vma = .)

.dlalign        0x000000000000c018        0x0
                0x000000000000c018                . = ALIGN (0x4)
                0x000000000000c018                PROVIDE (_data_lma = .)

.data           0x0000000020000000      0x368 load address 0x000000000000c018
 *(.gnu.linkonce.r.*)
 *(.data .data.*)
 .data.AHBPrescTable
                0x0000000020000000       0x10 C:\Users\m\AppData\Local\Temp\ccJ6ElGb.ltrans0.ltrans.o
 .data.APBAHBPrescTable
                0x0000000020000010       0x10 C:\Users\m\AppData\Local\Temp\ccJ6ElGb.ltrans0.ltrans.o
 .data.online_detect_res
                0x0000000020000020       0x1d C:\Users\m\AppData\Local\Temp\ccJ6ElGb.ltrans0.ltrans.o
 *fill*         0x000000002000003d        0x3 
 .data.long_packge_filament
                0x0000000020000040       0x83 C:\Users\m\AppData\Local\Temp\ccJ6ElGb.ltrans0.ltrans.o
 *fill*         0x00000000200000c3        0x1 
 .data.long_packge_version_version_and_name_AMS08
                0x00000000200000c4       0x15 C:\Users\m\AppData\Local\Temp\ccJ6ElGb.ltrans0.ltrans.o
 *fill*         0x00000000200000d9        0x3 
 .data.long_packge_version_serial_number
                0x00000000200000dc       0x42 C:\Users\m\AppData\Local\Temp\ccJ6ElGb.ltrans0.ltrans.o
 *fill*         0x000000002000011e        0x2 
 .data._ZL25filament_pull_back_target
                0x0000000020000120       0x10 C:\Users\m\AppData\Local\Temp\ccJ6ElGb.ltrans0.ltrans.o
 .data._ZL16g_pull_speed_set
                0x0000000020000130       0x10 C:\Users\m\AppData\Local\Temp\ccJ6ElGb.ltrans0.ltrans.o
 .data._ZL13MC_PULL_pct_f
                0x0000000020000140       0x10 C:\Users\m\AppData\Local\Temp\ccJ6ElGb.ltrans0.ltrans.o
 .data._ZL15MC_PULL_stu_raw
                0x0000000020000150       0x10 C:\Users\m\AppData\Local\Temp\ccJ6ElGb.ltrans0.ltrans.o
 .data.MC_DM_KEY_NONE_THRESH
                0x0000000020000160       0x10 C:\Users\m\AppData\Local\Temp\ccJ6ElGb.ltrans0.ltrans.o
 .data.MC_PULL_V_MAX
                0x0000000020000170       0x10 C:\Users\m\AppData\Local\Temp\ccJ6ElGb.ltrans0.ltrans.o
 .data.MC_PULL_V_MIN
                0x0000000020000180       0x10 C:\Users\m\AppData\Local\Temp\ccJ6ElGb.ltrans0.ltrans.o
 *(.gnu.linkonce.d.*)
                0x0000000020000190                . = ALIGN (0x8)
                0x0000000020000990                PROVIDE (__global_pointer$ = (. + 0x800))
 *(.sdata .sdata.*)
 .sdata.SystemCoreClock
                0x0000000020000190        0x4 C:\Users\m\AppData\Local\Temp\ccJ6ElGb.ltrans0.ltrans.o
 .sdata._ZL17g_iic_delay_ticks
                0x0000000020000194        0x4 C:\Users\m\AppData\Local\Temp\ccJ6ElGb.ltrans0.ltrans.o
 .sdata.ADCPrescTable
                0x0000000020000198        0x4 C:\Users\m\AppData\Local\Temp\ccJ6ElGb.ltrans0.ltrans.o
 .sdata._ZL30before_on_use_sniff_7f_channel
                0x000000002000019c        0x1 C:\Users\m\AppData\Local\Temp\ccJ6ElGb.ltrans0.ltrans.o
 .sdata._ZL24online_detect_prefix_now
                0x000000002000019d        0x1 C:\Users\m\AppData\Local\Temp\ccJ6ElGb.ltrans0.ltrans.o
 *fill*         0x000000002000019e        0x2 
 .sdata._ZL9g_hold_ch
                0x00000000200001a0        0x4 C:\Users\m\AppData\Local\Temp\ccJ6ElGb.ltrans0.ltrans.o
 .sdata._ZL11g_loaded_ch
                0x00000000200001a4        0x1 C:\Users\m\AppData\Local\Temp\ccJ6ElGb.ltrans0.ltrans.o
 *fill*         0x00000000200001a5        0x3 
 .sdata._ZL9dm_loaded
                0x00000000200001a8        0x4 C:\Users\m\AppData\Local\Temp\ccJ6ElGb.ltrans0.ltrans.o
 .sdata.time_hw_tpus
                0x00000000200001ac        0x4 C:\Users\m\AppData\Local\Temp\ccJ6ElGb.ltrans0.ltrans.o
 .sdata.MC_PULL_pct
                0x00000000200001b0        0x4 C:\Users\m\AppData\Local\Temp\ccJ6ElGb.ltrans0.ltrans.o
 .sdata.MC_PULL_POLARITY
                0x00000000200001b4        0x4 C:\Users\m\AppData\Local\Temp\ccJ6ElGb.ltrans0.ltrans.o
 .sdata._ZL18g_sta_saved_loaded
                0x00000000200001b8        0x1 C:\Users\m\AppData\Local\Temp\ccJ6ElGb.ltrans0.ltrans.o
 *fill*         0x00000000200001b9        0x3 
 .sdata.time_hw_tpms
                0x00000000200001bc        0x4 C:\Users\m\AppData\Local\Temp\ccJ6ElGb.ltrans0.ltrans.o
 .sdata._ZL7g_scale
                0x00000000200001c0        0x4 C:\Users\m\AppData\Local\Temp\ccJ6ElGb.ltrans0.ltrans.o
 *(.sdata2.*)
 *(.gnu.linkonce.s.*)
                0x00000000200001c8                . = ALIGN (0x8)
 *fill*         0x00000000200001c4        0x4 
 *(.srodata.cst16)
 *(.srodata.cst8)
 .srodata.cst8  0x00000000200001c8       0x10 C:\Users\m\AppData\Local\Temp\ccJ6ElGb.ltrans0.ltrans.o
 *(.srodata.cst4)
 .srodata.cst4  0x00000000200001d8      0x170 C:\Users\m\AppData\Local\Temp\ccJ6ElGb.ltrans0.ltrans.o
 *(.srodata.cst2)
 *(.srodata .srodata.*)
 .srodata._ZL14AS5600_SDA_PIN
                0x0000000020000348        0x8 C:\Users\m\AppData\Local\Temp\ccJ6ElGb.ltrans0.ltrans.o
 .srodata._ZL14AS5600_SCL_PIN
                0x0000000020000350        0x8 C:\Users\m\AppData\Local\Temp\ccJ6ElGb.ltrans0.ltrans.o
 .srodata._ZL30ahubus_host_package_query_init
                0x0000000020000358        0x8 C:\Users\m\AppData\Local\Temp\ccJ6ElGb.ltrans0.ltrans.o
 .srodata._ZL28ahubus_host_package_set_init
                0x0000000020000360        0x8 C:\Users\m\AppData\Local\Temp\ccJ6ElGb.ltrans0.ltrans.o
                0x0000000020000368                . = ALIGN (0x4)
                0x0000000020000368                PROVIDE (_edata = .)

.bss            0x0000000020000368     0x28c8 load address 0x000000000000c380
                0x0000000020000368                . = ALIGN (0x4)
                0x0000000020000368                PROVIDE (_sbss = .)
 *(.sbss*)
 .sbss.MCU_Version
                0x0000000020000368        0x1 C:\Users\m\AppData\Local\Temp\ccJ6ElGb.ltrans0.ltrans.o
 *fill*         0x0000000020000369        0x3 
 .sbss._ZL18g_ws2812_rst_ticks
                0x000000002000036c        0x4 C:\Users\m\AppData\Local\Temp\ccJ6ElGb.ltrans0.ltrans.o
 .sbss.NVIC_Priority_Group
                0x0000000020000370        0x4 C:\Users\m\AppData\Local\Temp\ccJ6ElGb.ltrans0.ltrans.o
 .sbss._ZZ10ahubus_runvE8deadline
                0x0000000020000374        0x4 C:\Users\m\AppData\Local\Temp\ccJ6ElGb.ltrans0.ltrans.o
 .sbss._ZL28before_on_use_sniff_7f_index
                0x0000000020000378        0x1 C:\Users\m\AppData\Local\Temp\ccJ6ElGb.ltrans0.ltrans.o
 .sbss._ZL29before_on_use_sniff_7f_active
                0x0000000020000379        0x1 C:\Users\m\AppData\Local\Temp\ccJ6ElGb.ltrans0.ltrans.o
 .sbss.package_num
                0x000000002000037a        0x1 C:\Users\m\AppData\Local\Temp\ccJ6ElGb.ltrans0.ltrans.o
 .sbss._ZL19online_detect_phase
                0x000000002000037b        0x1 C:\Users\m\AppData\Local\Temp\ccJ6ElGb.ltrans0.ltrans.o
 .sbss._ZL15have_registered
                0x000000002000037c        0x1 C:\Users\m\AppData\Local\Temp\ccJ6ElGb.ltrans0.ltrans.o
 *fill*         0x000000002000037d        0x3 
 .sbss.set_filament_res_type2
                0x0000000020000380        0x3 C:\Users\m\AppData\Local\Temp\ccJ6ElGb.ltrans0.ltrans.o
 *fill*         0x0000000020000383        0x1 
 .sbss._ZZ12bambubus_runvE16last_hb_deadline
                0x0000000020000384        0x4 C:\Users\m\AppData\Local\Temp\ccJ6ElGb.ltrans0.ltrans.o
 .sbss._ZL15g_hold_t0_ticks
                0x0000000020000388        0x4 C:\Users\m\AppData\Local\Temp\ccJ6ElGb.ltrans0.ltrans.o
 .sbss._ZL18g_time_rem_ticks32
                0x000000002000038c        0x4 C:\Users\m\AppData\Local\Temp\ccJ6ElGb.ltrans0.ltrans.o
 .sbss._ZL11g_time_ms64
                0x0000000020000390        0x8 C:\Users\m\AppData\Local\Temp\ccJ6ElGb.ltrans0.ltrans.o
 .sbss._ZL19g_time_last_ticks64
                0x0000000020000398        0x8 C:\Users\m\AppData\Local\Temp\ccJ6ElGb.ltrans0.ltrans.o
 .sbss._ZL15g_time_tpm_last
                0x00000000200003a0        0x4 C:\Users\m\AppData\Local\Temp\ccJ6ElGb.ltrans0.ltrans.o
 .sbss._ZL13g_time_inited
                0x00000000200003a4        0x1 C:\Users\m\AppData\Local\Temp\ccJ6ElGb.ltrans0.ltrans.o
 *fill*         0x00000000200003a5        0x3 
 .sbss._ZZ4mainE5error
                0x00000000200003a8        0x4 C:\Users\m\AppData\Local\Temp\ccJ6ElGb.ltrans0.ltrans.o
 .sbss._ZL11g_fil_dirty
                0x00000000200003ac        0x1 C:\Users\m\AppData\Local\Temp\ccJ6ElGb.ltrans0.ltrans.o
 *fill*         0x00000000200003ad        0x3 
 .sbss._ZZ10RGB_updatevE4last
                0x00000000200003b0        0x4 C:\Users\m\AppData\Local\Temp\ccJ6ElGb.ltrans0.ltrans.o
 .sbss._ZL13g_state_dirty
                0x00000000200003b4        0x1 C:\Users\m\AppData\Local\Temp\ccJ6ElGb.ltrans0.ltrans.o
 .sbss._ZL30last_before_on_use_motion_flag
                0x00000000200003b5        0x1 C:\Users\m\AppData\Local\Temp\ccJ6ElGb.ltrans0.ltrans.o
 .sbss._ZL12count_on_use
                0x00000000200003b6        0x1 C:\Users\m\AppData\Local\Temp\ccJ6ElGb.ltrans0.ltrans.o
 *fill*         0x00000000200003b7        0x1 
 .sbss._ZL27bambubus_heartbeat_deadline
                0x00000000200003b8        0x4 C:\Users\m\AppData\Local\Temp\ccJ6ElGb.ltrans0.ltrans.o
 .sbss._ZL14before_pb_sign
                0x00000000200003bc        0x4 C:\Users\m\AppData\Local\Temp\ccJ6ElGb.ltrans0.ltrans.o
 .sbss._ZZN14_MOTOR_CONTROL3runEfyE9pb_active
                0x00000000200003c0        0x4 C:\Users\m\AppData\Local\Temp\ccJ6ElGb.ltrans0.ltrans.o
 .sbss._ZL19auto_unload_blocked
                0x00000000200003c4        0x4 C:\Users\m\AppData\Local\Temp\ccJ6ElGb.ltrans0.ltrans.o
 .sbss._ZL15auto_unload_arm
                0x00000000200003c8        0x4 C:\Users\m\AppData\Local\Temp\ccJ6ElGb.ltrans0.ltrans.o
 .sbss._ZL18auto_unload_active
                0x00000000200003cc        0x4 C:\Users\m\AppData\Local\Temp\ccJ6ElGb.ltrans0.ltrans.o
 .sbss._ZZL16motor_motion_runiymE10last_ticks
                0x00000000200003d0        0x4 C:\Users\m\AppData\Local\Temp\ccJ6ElGb.ltrans0.ltrans.o
 .sbss._ZZL16motor_motion_runiymE15have_last_ticks
                0x00000000200003d4        0x1 C:\Users\m\AppData\Local\Temp\ccJ6ElGb.ltrans0.ltrans.o
 *fill*         0x00000000200003d5        0x3 
 .sbss._ZL16dm_autoload_gate
                0x00000000200003d8        0x4 C:\Users\m\AppData\Local\Temp\ccJ6ElGb.ltrans0.ltrans.o
 .sbss._ZL11dm_auto_try
                0x00000000200003dc        0x4 C:\Users\m\AppData\Local\Temp\ccJ6ElGb.ltrans0.ltrans.o
 .sbss._ZL13dm_auto_state
                0x00000000200003e0        0x4 C:\Users\m\AppData\Local\Temp\ccJ6ElGb.ltrans0.ltrans.o
 .sbss._ZZ22AS5600_distance_updatamE6was_ok
                0x00000000200003e4        0x4 C:\Users\m\AppData\Local\Temp\ccJ6ElGb.ltrans0.ltrans.o
 .sbss._ZL13g_as5600_good
                0x00000000200003e8        0x4 C:\Users\m\AppData\Local\Temp\ccJ6ElGb.ltrans0.ltrans.o
 .sbss._ZL17g_as5600_okstreak
                0x00000000200003ec        0x4 C:\Users\m\AppData\Local\Temp\ccJ6ElGb.ltrans0.ltrans.o
 .sbss._ZL13g_as5600_fail
                0x00000000200003f0        0x4 C:\Users\m\AppData\Local\Temp\ccJ6ElGb.ltrans0.ltrans.o
 .sbss._ZZ22AS5600_distance_updatamE10last_ticks
                0x00000000200003f4        0x4 C:\Users\m\AppData\Local\Temp\ccJ6ElGb.ltrans0.ltrans.o
 .sbss._ZZ22AS5600_distance_updatamE15have_last_ticks
                0x00000000200003f8        0x1 C:\Users\m\AppData\Local\Temp\ccJ6ElGb.ltrans0.ltrans.o
 *fill*         0x00000000200003f9        0x3 
 .sbss._ZZ22AS5600_distance_updatamE14last_stu_ticks
                0x00000000200003fc        0x4 C:\Users\m\AppData\Local\Temp\ccJ6ElGb.ltrans0.ltrans.o
 .sbss._ZZ22AS5600_distance_updatamE15last_poll_ticks
                0x0000000020000400        0x4 C:\Users\m\AppData\Local\Temp\ccJ6ElGb.ltrans0.ltrans.o
 .sbss._ZL18g_on_use_jam_latch
                0x0000000020000404        0x4 C:\Users\m\AppData\Local\Temp\ccJ6ElGb.ltrans0.ltrans.o
 .sbss._ZL18g_on_use_low_latch
                0x0000000020000408        0x4 C:\Users\m\AppData\Local\Temp\ccJ6ElGb.ltrans0.ltrans.o
 .sbss._ZL11MC_PULL_stu
                0x000000002000040c        0x4 C:\Users\m\AppData\Local\Temp\ccJ6ElGb.ltrans0.ltrans.o
 .sbss._ZL13dm_fail_latch
                0x0000000020000410        0x4 C:\Users\m\AppData\Local\Temp\ccJ6ElGb.ltrans0.ltrans.o
 .sbss._ZL17MC_ONLINE_key_stu
                0x0000000020000414        0x4 C:\Users\m\AppData\Local\Temp\ccJ6ElGb.ltrans0.ltrans.o
 .sbss._ZZL19MC_PULL_ONLINE_readmE10gst_active
                0x0000000020000418        0x4 C:\Users\m\AppData\Local\Temp\ccJ6ElGb.ltrans0.ltrans.o
 .sbss._ZZL19MC_PULL_ONLINE_readmE8gst_step
                0x000000002000041c        0x4 C:\Users\m\AppData\Local\Temp\ccJ6ElGb.ltrans0.ltrans.o
 .sbss.filament_channel_inserted
                0x0000000020000420        0x4 C:\Users\m\AppData\Local\Temp\ccJ6ElGb.ltrans0.ltrans.o
 .sbss._ZL16g_sta_have_saved
                0x0000000020000424        0x1 C:\Users\m\AppData\Local\Temp\ccJ6ElGb.ltrans0.ltrans.o
 *fill*         0x0000000020000425        0x1 
 .sbss._ZL10g_sta_slot
                0x0000000020000426        0x2 C:\Users\m\AppData\Local\Temp\ccJ6ElGb.ltrans0.ltrans.o
 .sbss._ZL9g_sta_seq
                0x0000000020000428        0x2 C:\Users\m\AppData\Local\Temp\ccJ6ElGb.ltrans0.ltrans.o
 *fill*         0x000000002000042a        0x2 
 .sbss._ZL17g_fil_first_empty
                0x000000002000042c        0x4 C:\Users\m\AppData\Local\Temp\ccJ6ElGb.ltrans0.ltrans.o
 .sbss._ZL10g_fil_have
                0x0000000020000430        0x4 C:\Users\m\AppData\Local\Temp\ccJ6ElGb.ltrans0.ltrans.o
 .sbss._ZL16g_adc_dma_inited
                0x0000000020000434        0x1 C:\Users\m\AppData\Local\Temp\ccJ6ElGb.ltrans0.ltrans.o
 .sbss._ZL11g_acc_dirty
                0x0000000020000435        0x1 C:\Users\m\AppData\Local\Temp\ccJ6ElGb.ltrans0.ltrans.o
 .sbss._ZL6g_v_rd
                0x0000000020000436        0x1 C:\Users\m\AppData\Local\Temp\ccJ6ElGb.ltrans0.ltrans.o
 .sbss._ZL15g_blocks_filled
                0x0000000020000437        0x1 C:\Users\m\AppData\Local\Temp\ccJ6ElGb.ltrans0.ltrans.o
 .sbss._ZL10g_ring_idx
                0x0000000020000438        0x1 C:\Users\m\AppData\Local\Temp\ccJ6ElGb.ltrans0.ltrans.o
 *(.gnu.linkonce.sb.*)
 *(.bss*)
 *fill*         0x0000000020000439        0x3 
 .bss.bus_uart1_dma_init_structure
                0x000000002000043c       0x2c C:\Users\m\AppData\Local\Temp\ccJ6ElGb.ltrans0.ltrans.o
 .bss.printer_data_long
                0x0000000020000468       0x11 C:\Users\m\AppData\Local\Temp\ccJ6ElGb.ltrans0.ltrans.o
 *fill*         0x0000000020000479        0x3 
 .bss.SYS_RGB   0x000000002000047c       0x30 C:\Users\m\AppData\Local\Temp\ccJ6ElGb.ltrans0.ltrans.o
 .bss._ZL24time_sendout_onuse_ticks
                0x00000000200004ac       0x10 C:\Users\m\AppData\Local\Temp\ccJ6ElGb.ltrans0.ltrans.o
 .bss.bus_port_to_host
                0x00000000200004bc     0x142c C:\Users\m\AppData\Local\Temp\ccJ6ElGb.ltrans0.ltrans.o
 .bss._ZL16before_pb_last_m
                0x00000000200018e8       0x10 C:\Users\m\AppData\Local\Temp\ccJ6ElGb.ltrans0.ltrans.o
 .bss._ZL21before_pb_retracted_m
                0x00000000200018f8       0x10 C:\Users\m\AppData\Local\Temp\ccJ6ElGb.ltrans0.ltrans.o
 .bss._ZL25filament_pull_back_meters
                0x0000000020001908       0x10 C:\Users\m\AppData\Local\Temp\ccJ6ElGb.ltrans0.ltrans.o
 .bss._ZZN14_MOTOR_CONTROL3runEfyE7stall_s
                0x0000000020001918       0x10 C:\Users\m\AppData\Local\Temp\ccJ6ElGb.ltrans0.ltrans.o
 .bss._ZZN14_MOTOR_CONTROL3runEfyE14block_until_ms
                0x0000000020001928       0x20 C:\Users\m\AppData\Local\Temp\ccJ6ElGb.ltrans0.ltrans.o
 .bss._ZL15g_pull_remain_m
                0x0000000020001948       0x10 C:\Users\m\AppData\Local\Temp\ccJ6ElGb.ltrans0.ltrans.o
 .bss._ZL23auto_unload_empty_t0_ms
                0x0000000020001958       0x20 C:\Users\m\AppData\Local\Temp\ccJ6ElGb.ltrans0.ltrans.o
 .bss._ZL24auto_unload_active_t0_ms
                0x0000000020001978       0x20 C:\Users\m\AppData\Local\Temp\ccJ6ElGb.ltrans0.ltrans.o
 .bss._ZL21auto_unload_arm_t0_ms
                0x0000000020001998       0x20 C:\Users\m\AppData\Local\Temp\ccJ6ElGb.ltrans0.ltrans.o
 .bss.MOTOR_CONTROL
                0x00000000200019b8      0x260 C:\Users\m\AppData\Local\Temp\ccJ6ElGb.ltrans0.ltrans.o
 .bss._ZL21filament_now_position
                0x0000000020001c18       0x10 C:\Users\m\AppData\Local\Temp\ccJ6ElGb.ltrans0.ltrans.o
 .bss._ZL20dm_loaded_drop_t0_ms
                0x0000000020001c28       0x20 C:\Users\m\AppData\Local\Temp\ccJ6ElGb.ltrans0.ltrans.o
 .bss._ZL14dm_auto_last_m
                0x0000000020001c48       0x10 C:\Users\m\AppData\Local\Temp\ccJ6ElGb.ltrans0.ltrans.o
 .bss._ZL16dm_auto_remain_m
                0x0000000020001c58       0x10 C:\Users\m\AppData\Local\Temp\ccJ6ElGb.ltrans0.ltrans.o
 .bss._ZL13dm_auto_t0_ms
                0x0000000020001c68       0x20 C:\Users\m\AppData\Local\Temp\ccJ6ElGb.ltrans0.ltrans.o
 .bss.as5600_distance_save
                0x0000000020001c88       0x10 C:\Users\m\AppData\Local\Temp\ccJ6ElGb.ltrans0.ltrans.o
 .bss.speed_as5600
                0x0000000020001c98       0x10 C:\Users\m\AppData\Local\Temp\ccJ6ElGb.ltrans0.ltrans.o
 .bss.MC_AS5600
                0x0000000020001ca8       0x8c C:\Users\m\AppData\Local\Temp\ccJ6ElGb.ltrans0.ltrans.o
 .bss._ZN14_MOTOR_CONTROL6x_prevE
                0x0000000020001d34       0x10 C:\Users\m\AppData\Local\Temp\ccJ6ElGb.ltrans0.ltrans.o
 *fill*         0x0000000020001d44        0x4 
 .bss._ZL21g_last_on_use_exit_ms
                0x0000000020001d48       0x20 C:\Users\m\AppData\Local\Temp\ccJ6ElGb.ltrans0.ltrans.o
 .bss._ZL18g_on_use_hi_pwm_us
                0x0000000020001d68       0x10 C:\Users\m\AppData\Local\Temp\ccJ6ElGb.ltrans0.ltrans.o
 .bss.Motion_control_data_save
                0x0000000020001d78       0x18 C:\Users\m\AppData\Local\Temp\ccJ6ElGb.ltrans0.ltrans.o
 .bss.ams       0x0000000020001d90      0x450 C:\Users\m\AppData\Local\Temp\ccJ6ElGb.ltrans0.ltrans.o
 .bss._ZZL19MC_PULL_ONLINE_readmE16gst_act_t0_ticks
                0x00000000200021e0       0x10 C:\Users\m\AppData\Local\Temp\ccJ6ElGb.ltrans0.ltrans.o
 .bss._ZZL19MC_PULL_ONLINE_readmE12gst_t0_ticks
                0x00000000200021f0       0x10 C:\Users\m\AppData\Local\Temp\ccJ6ElGb.ltrans0.ltrans.o
 .bss.MC_PULL_V_OFFSET
                0x0000000020002200       0x10 C:\Users\m\AppData\Local\Temp\ccJ6ElGb.ltrans0.ltrans.o
 .bss.RGBOUT    0x0000000020002210       0xc0 C:\Users\m\AppData\Local\Temp\ccJ6ElGb.ltrans0.ltrans.o
 .bss._ZL10g_fil_last
                0x00000000200022d0       0x80 C:\Users\m\AppData\Local\Temp\ccJ6ElGb.ltrans0.ltrans.o
 .bss._ZL9g_dma_buf
                0x0000000020002350      0x800 C:\Users\m\AppData\Local\Temp\ccJ6ElGb.ltrans0.ltrans.o
 .bss._ZL3g_v   0x0000000020002b50       0x40 C:\Users\m\AppData\Local\Temp\ccJ6ElGb.ltrans0.ltrans.o
 .bss._ZL10g_ring_sum
                0x0000000020002b90       0x80 C:\Users\m\AppData\Local\Temp\ccJ6ElGb.ltrans0.ltrans.o
 .bss._ZL9g_acc_sum
                0x0000000020002c10       0x20 C:\Users\m\AppData\Local\Temp\ccJ6ElGb.ltrans0.ltrans.o
 *(.gnu.linkonce.b.*)
 *(COMMON*)
                0x0000000020002c30                . = ALIGN (0x4)
                0x0000000020002c30                PROVIDE (_ebss = .)
                [!provide]                        PROVIDE (_end = _ebss)
                [!provide]                        PROVIDE (end = .)

.stack          0x0000000020004800      0x800
                [!provide]                        PROVIDE (_heap_end = .)
                0x0000000020004800                . = ALIGN (0x4)
                [!provide]                        PROVIDE (_susrstack = .)
                0x0000000020005000                . = (. + __stack_size)
 *fill*         0x0000000020004800      0x800 
                0x0000000020005000                PROVIDE (_eusrstack = .)
                0x0000000020005000                __freertos_irq_stack_top = .
OUTPUT(.pio\build\moj\firmware.elf elf32-littleriscv)

.debug_info     0x0000000000000000    0x1d4dd
 .debug_info    0x0000000000000000     0xd439 C:\Users\m\AppData\Local\Temp\ccJ6ElGb.ltrans0.ltrans.o
 .debug_info    0x000000000000d439      0x20d C:\Users\m\AppData\Local\Temp\ccy4n0sD.debug.temp.o
                0x000000000000d439                system_ch32v20x.c.5bebce3d
 .debug_info    0x000000000000d646      0xb5a C:\Users\m\AppData\Local\Temp\ccYqqD53.debug.temp.o
                0x000000000000d646                ADC_DMA.cpp.dda31f30
 .debug_info    0x000000000000e1a0      0xd20 C:\Users\m\AppData\Local\Temp\ccbQ1Bmh.debug.temp.o
                0x000000000000e1a0                Flash_saves.cpp.5e5b599d
 .debug_info    0x000000000000eec0     0x1697 C:\Users\m\AppData\Local\Temp\cc6R9WOt.debug.temp.o
                0x000000000000eec0                MC_PULL_calibration.cpp.a99f3330
 .debug_info    0x0000000000010557     0x3448 C:\Users\m\AppData\Local\Temp\ccrppZbG.debug.temp.o
                0x0000000000010557                Motion_control.cpp.cbccffba
 .debug_info    0x000000000001399f      0xb47 C:\Users\m\AppData\Local\Temp\cceTThBS.debug.temp.o
                0x000000000001399f                g_bus_hardware.cpp.9eac1e4f
 .debug_info    0x00000000000144e6      0xc02 C:\Users\m\AppData\Local\Temp\ccNZd7t5.debug.temp.o
                0x00000000000144e6                ahub_bus.cpp.19ea31b3
 .debug_info    0x00000000000150e8      0x3ee C:\Users\m\AppData\Local\Temp\cc8g7Z5h.debug.temp.o
                0x00000000000150e8                ams.cpp.a82ba65b
 .debug_info    0x00000000000154d6     0x170b C:\Users\m\AppData\Local\Temp\ccLbWGYt.debug.temp.o
                0x00000000000154d6                bambu_bus_ams.cpp.65ccd706
 .debug_info    0x0000000000016be1      0x177 C:\Users\m\AppData\Local\Temp\ccIG8IJF.debug.temp.o
                0x0000000000016be1                crc_bus.c.b8598684
 .debug_info    0x0000000000016d58      0x1e1 C:\Users\m\AppData\Local\Temp\ccr0UmAR.debug.temp.o
                0x0000000000016d58                time_hw.c.cacbe2d6
 .debug_info    0x0000000000016f39      0xdcf C:\Users\m\AppData\Local\Temp\ccgZktM3.debug.temp.o
                0x0000000000016f39                main.cpp.f8d1b4a2
 .debug_info    0x0000000000017d08      0xb00 C:\Users\m\AppData\Local\Temp\ccla9qOf.debug.temp.o
                0x0000000000017d08                many_soft_AS5600.cpp.c20ba53b
 .debug_info    0x0000000000018808      0x648 C:\Users\m\AppData\Local\Temp\cceHhSVr.debug.temp.o
                0x0000000000018808                ws2812.cpp.468475d1
 .debug_info    0x0000000000018e50      0x9fa C:\Users\m\AppData\Local\Temp\ccPWDkVH.debug.temp.o
                0x0000000000018e50                ch32v20x_adc.c.da3e6ed3
 .debug_info    0x000000000001984a      0x370 C:\Users\m\AppData\Local\Temp\ccEBvQMX.debug.temp.o
                0x000000000001984a                ch32v20x_dma.c.b4702a6c
 .debug_info    0x0000000000019bba      0x7e6 C:\Users\m\AppData\Local\Temp\ccnfi14d.debug.temp.o
                0x0000000000019bba                ch32v20x_flash.c.5b8c8ef1
 .debug_info    0x000000000001a3a0      0x5d1 C:\Users\m\AppData\Local\Temp\cckK0Peu.debug.temp.o
                0x000000000001a3a0                ch32v20x_gpio.c.e5a8f6b6
 .debug_info    0x000000000001a971      0x50f C:\Users\m\AppData\Local\Temp\ccdN98tK.debug.temp.o
                0x000000000001a971                ch32v20x_misc.c.847402a3
 .debug_info    0x000000000001ae80      0x6c4 C:\Users\m\AppData\Local\Temp\ccgHvyZZ.debug.temp.o
                0x000000000001ae80                ch32v20x_rcc.c.cb408e91
 .debug_info    0x000000000001b544     0x1643 C:\Users\m\AppData\Local\Temp\cchINhff.debug.temp.o
                0x000000000001b544                ch32v20x_tim.c.1d833aaf
 .debug_info    0x000000000001cb87      0x774 C:\Users\m\AppData\Local\Temp\cckCVtXu.debug.temp.o
                0x000000000001cb87                ch32v20x_usart.c.96e13c8d
 .debug_info    0x000000000001d2fb      0x1bf C:\Users\m\AppData\Local\Temp\cc7jpyLK.debug.temp.o
                0x000000000001d2fb                ch32v20x_wwdg.c.f78e58f2
 .debug_info    0x000000000001d4ba       0x23 .pio\build\moj\FrameworkNoneOSStartup\startup_ch32v20x_D6.o

.debug_abbrev   0x0000000000000000     0x3c19
 .debug_abbrev  0x0000000000000000      0x246 C:\Users\m\AppData\Local\Temp\ccJ6ElGb.ltrans0.ltrans.o
 .debug_abbrev  0x0000000000000246      0x143 C:\Users\m\AppData\Local\Temp\ccy4n0sD.debug.temp.o
 .debug_abbrev  0x0000000000000389      0x2d4 C:\Users\m\AppData\Local\Temp\ccYqqD53.debug.temp.o
 .debug_abbrev  0x000000000000065d      0x2d3 C:\Users\m\AppData\Local\Temp\ccbQ1Bmh.debug.temp.o
 .debug_abbrev  0x0000000000000930      0x3d7 C:\Users\m\AppData\Local\Temp\cc6R9WOt.debug.temp.o
 .debug_abbrev  0x0000000000000d07      0x7ab C:\Users\m\AppData\Local\Temp\ccrppZbG.debug.temp.o
 .debug_abbrev  0x00000000000014b2      0x35e C:\Users\m\AppData\Local\Temp\cceTThBS.debug.temp.o
 .debug_abbrev  0x0000000000001810      0x405 C:\Users\m\AppData\Local\Temp\ccNZd7t5.debug.temp.o
 .debug_abbrev  0x0000000000001c15      0x1f4 C:\Users\m\AppData\Local\Temp\cc8g7Z5h.debug.temp.o
 .debug_abbrev  0x0000000000001e09      0x46e C:\Users\m\AppData\Local\Temp\ccLbWGYt.debug.temp.o
 .debug_abbrev  0x0000000000002277       0xc7 C:\Users\m\AppData\Local\Temp\ccIG8IJF.debug.temp.o
 .debug_abbrev  0x000000000000233e      0x101 C:\Users\m\AppData\Local\Temp\ccr0UmAR.debug.temp.o
 .debug_abbrev  0x000000000000243f      0x486 C:\Users\m\AppData\Local\Temp\ccgZktM3.debug.temp.o
 .debug_abbrev  0x00000000000028c5      0x2d3 C:\Users\m\AppData\Local\Temp\ccla9qOf.debug.temp.o
 .debug_abbrev  0x0000000000002b98      0x23f C:\Users\m\AppData\Local\Temp\cceHhSVr.debug.temp.o
 .debug_abbrev  0x0000000000002dd7      0x182 C:\Users\m\AppData\Local\Temp\ccPWDkVH.debug.temp.o
 .debug_abbrev  0x0000000000002f59      0x16b C:\Users\m\AppData\Local\Temp\ccEBvQMX.debug.temp.o
 .debug_abbrev  0x00000000000030c4      0x1c3 C:\Users\m\AppData\Local\Temp\ccnfi14d.debug.temp.o
 .debug_abbrev  0x0000000000003287      0x1e7 C:\Users\m\AppData\Local\Temp\cckK0Peu.debug.temp.o
 .debug_abbrev  0x000000000000346e      0x164 C:\Users\m\AppData\Local\Temp\ccdN98tK.debug.temp.o
 .debug_abbrev  0x00000000000035d2      0x1c9 C:\Users\m\AppData\Local\Temp\ccgHvyZZ.debug.temp.o
 .debug_abbrev  0x000000000000379b      0x1db C:\Users\m\AppData\Local\Temp\cchINhff.debug.temp.o
 .debug_abbrev  0x0000000000003976      0x184 C:\Users\m\AppData\Local\Temp\cckCVtXu.debug.temp.o
 .debug_abbrev  0x0000000000003afa      0x10d C:\Users\m\AppData\Local\Temp\cc7jpyLK.debug.temp.o
 .debug_abbrev  0x0000000000003c07       0x12 .pio\build\moj\FrameworkNoneOSStartup\startup_ch32v20x_D6.o

.debug_loclists
                0x0000000000000000     0xcc38
 .debug_loclists
                0x0000000000000000     0xcc38 C:\Users\m\AppData\Local\Temp\ccJ6ElGb.ltrans0.ltrans.o

.debug_aranges  0x0000000000000000      0x298
 .debug_aranges
                0x0000000000000000      0x268 C:\Users\m\AppData\Local\Temp\ccJ6ElGb.ltrans0.ltrans.o
 .debug_aranges
                0x0000000000000268       0x30 .pio\build\moj\FrameworkNoneOSStartup\startup_ch32v20x_D6.o

.debug_rnglists
                0x0000000000000000     0x3550
 .debug_rnglists
                0x0000000000000000     0x3530 C:\Users\m\AppData\Local\Temp\ccJ6ElGb.ltrans0.ltrans.o
 .debug_rnglists
                0x0000000000003530       0x20 .pio\build\moj\FrameworkNoneOSStartup\startup_ch32v20x_D6.o

.debug_line     0x0000000000000000    0x16eca
 .debug_line    0x0000000000000000    0x16318 C:\Users\m\AppData\Local\Temp\ccJ6ElGb.ltrans0.ltrans.o
 .debug_line    0x0000000000016318       0x67 C:\Users\m\AppData\Local\Temp\ccy4n0sD.debug.temp.o
 .debug_line    0x000000000001637f       0x7b C:\Users\m\AppData\Local\Temp\ccYqqD53.debug.temp.o
 .debug_line    0x00000000000163fa       0x88 C:\Users\m\AppData\Local\Temp\ccbQ1Bmh.debug.temp.o
 .debug_line    0x0000000000016482       0xaf C:\Users\m\AppData\Local\Temp\cc6R9WOt.debug.temp.o
 .debug_line    0x0000000000016531       0x99 C:\Users\m\AppData\Local\Temp\ccrppZbG.debug.temp.o
 .debug_line    0x00000000000165ca       0x81 C:\Users\m\AppData\Local\Temp\cceTThBS.debug.temp.o
 .debug_line    0x000000000001664b       0x9c C:\Users\m\AppData\Local\Temp\ccNZd7t5.debug.temp.o
 .debug_line    0x00000000000166e7       0x51 C:\Users\m\AppData\Local\Temp\cc8g7Z5h.debug.temp.o
 .debug_line    0x0000000000016738       0x85 C:\Users\m\AppData\Local\Temp\ccLbWGYt.debug.temp.o
 .debug_line    0x00000000000167bd       0x4c C:\Users\m\AppData\Local\Temp\ccIG8IJF.debug.temp.o
 .debug_line    0x0000000000016809       0x5e C:\Users\m\AppData\Local\Temp\ccr0UmAR.debug.temp.o
 .debug_line    0x0000000000016867       0xc3 C:\Users\m\AppData\Local\Temp\ccgZktM3.debug.temp.o
 .debug_line    0x000000000001692a       0x76 C:\Users\m\AppData\Local\Temp\ccla9qOf.debug.temp.o
 .debug_line    0x00000000000169a0       0x7b C:\Users\m\AppData\Local\Temp\cceHhSVr.debug.temp.o
 .debug_line    0x0000000000016a1b       0x68 C:\Users\m\AppData\Local\Temp\ccPWDkVH.debug.temp.o
 .debug_line    0x0000000000016a83       0x63 C:\Users\m\AppData\Local\Temp\ccEBvQMX.debug.temp.o
 .debug_line    0x0000000000016ae6       0x63 C:\Users\m\AppData\Local\Temp\ccnfi14d.debug.temp.o
 .debug_line    0x0000000000016b49       0x68 C:\Users\m\AppData\Local\Temp\cckK0Peu.debug.temp.o
 .debug_line    0x0000000000016bb1       0x63 C:\Users\m\AppData\Local\Temp\ccdN98tK.debug.temp.o
 .debug_line    0x0000000000016c14       0x63 C:\Users\m\AppData\Local\Temp\ccgHvyZZ.debug.temp.o
 .debug_line    0x0000000000016c77       0x68 C:\Users\m\AppData\Local\Temp\cchINhff.debug.temp.o
 .debug_line    0x0000000000016cdf       0x68 C:\Users\m\AppData\Local\Temp\cckCVtXu.debug.temp.o
 .debug_line    0x0000000000016d47       0x63 C:\Users\m\AppData\Local\Temp\cc7jpyLK.debug.temp.o
 .debug_line    0x0000000000016daa      0x120 .pio\build\moj\FrameworkNoneOSStartup\startup_ch32v20x_D6.o

.debug_str      0x0000000000000000     0x7277
 .debug_str     0x0000000000000000      0x204 C:\Users\m\AppData\Local\Temp\ccJ6ElGb.ltrans0.ltrans.o
                                        0x226 (size before relaxing)
 .debug_str     0x0000000000000204      0x202 C:\Users\m\AppData\Local\Temp\ccy4n0sD.debug.temp.o
                                        0x277 (size before relaxing)
 .debug_str     0x0000000000000406      0x884 C:\Users\m\AppData\Local\Temp\ccYqqD53.debug.temp.o
                                        0xa24 (size before relaxing)
 .debug_str     0x0000000000000c8a      0x7a9 C:\Users\m\AppData\Local\Temp\ccbQ1Bmh.debug.temp.o
                                        0xa89 (size before relaxing)
 .debug_str     0x0000000000001433      0xb21 C:\Users\m\AppData\Local\Temp\cc6R9WOt.debug.temp.o
                                        0xef2 (size before relaxing)
 .debug_str     0x0000000000001f54     0x1fd7 C:\Users\m\AppData\Local\Temp\ccrppZbG.debug.temp.o
                                       0x2ad7 (size before relaxing)
 .debug_str     0x0000000000003f2b      0x796 C:\Users\m\AppData\Local\Temp\cceTThBS.debug.temp.o
                                        0xe16 (size before relaxing)
 .debug_str     0x00000000000046c1      0x3b8 C:\Users\m\AppData\Local\Temp\ccNZd7t5.debug.temp.o
                                        0xb28 (size before relaxing)
 .debug_str     0x0000000000004a79       0x43 C:\Users\m\AppData\Local\Temp\cc8g7Z5h.debug.temp.o
                                        0x46d (size before relaxing)
 .debug_str     0x0000000000004abc      0xa8a C:\Users\m\AppData\Local\Temp\ccLbWGYt.debug.temp.o
                                       0x137b (size before relaxing)
 .debug_str     0x0000000000005546       0x17 C:\Users\m\AppData\Local\Temp\ccIG8IJF.debug.temp.o
                                        0x1c5 (size before relaxing)
 .debug_str     0x000000000000555d       0x45 C:\Users\m\AppData\Local\Temp\ccr0UmAR.debug.temp.o
                                        0x231 (size before relaxing)
 .debug_str     0x00000000000055a2      0x15e C:\Users\m\AppData\Local\Temp\ccgZktM3.debug.temp.o
                                        0xecf (size before relaxing)
 .debug_str     0x0000000000005700       0xc8 C:\Users\m\AppData\Local\Temp\ccla9qOf.debug.temp.o
                                        0x9a6 (size before relaxing)
 .debug_str     0x00000000000057c8       0x25 C:\Users\m\AppData\Local\Temp\cceHhSVr.debug.temp.o
                                        0x5d2 (size before relaxing)
 .debug_str     0x00000000000057ed      0x3e9 C:\Users\m\AppData\Local\Temp\ccPWDkVH.debug.temp.o
                                        0x7d7 (size before relaxing)
 .debug_str     0x0000000000005bd6       0xad C:\Users\m\AppData\Local\Temp\ccEBvQMX.debug.temp.o
                                        0x3b3 (size before relaxing)
 .debug_str     0x0000000000005c83      0x38e C:\Users\m\AppData\Local\Temp\ccnfi14d.debug.temp.o
                                        0x6dd (size before relaxing)
 .debug_str     0x0000000000006011      0x21c C:\Users\m\AppData\Local\Temp\cckK0Peu.debug.temp.o
                                        0x57b (size before relaxing)
 .debug_str     0x000000000000622d       0x71 C:\Users\m\AppData\Local\Temp\ccdN98tK.debug.temp.o
                                        0x63d (size before relaxing)
 .debug_str     0x000000000000629e      0x37d C:\Users\m\AppData\Local\Temp\ccgHvyZZ.debug.temp.o
                                        0x68e (size before relaxing)
 .debug_str     0x000000000000661b      0x891 C:\Users\m\AppData\Local\Temp\cchINhff.debug.temp.o
                                        0xe79 (size before relaxing)
 .debug_str     0x0000000000006eac      0x2d2 C:\Users\m\AppData\Local\Temp\cckCVtXu.debug.temp.o
                                        0x6a8 (size before relaxing)
 .debug_str     0x000000000000717e       0x8e C:\Users\m\AppData\Local\Temp\cc7jpyLK.debug.temp.o
                                        0x281 (size before relaxing)
 .debug_str     0x000000000000720c       0x6b .pio\build\moj\FrameworkNoneOSStartup\startup_ch32v20x_D6.o

.debug_line_str
                0x0000000000000000      0xaf6
 .debug_line_str
                0x0000000000000000      0x145 C:\Users\m\AppData\Local\Temp\ccJ6ElGb.ltrans0.ltrans.o
                                        0x2d3 (size before relaxing)
 .debug_line_str
                0x0000000000000145      0x171 C:\Users\m\AppData\Local\Temp\ccy4n0sD.debug.temp.o
                                        0x233 (size before relaxing)
 .debug_line_str
                0x00000000000002b6       0x4d C:\Users\m\AppData\Local\Temp\ccYqqD53.debug.temp.o
                                        0x1da (size before relaxing)
 .debug_line_str
                0x0000000000000303       0xe0 C:\Users\m\AppData\Local\Temp\ccbQ1Bmh.debug.temp.o
                                        0x280 (size before relaxing)
 .debug_line_str
                0x00000000000003e3      0x202 C:\Users\m\AppData\Local\Temp\cc6R9WOt.debug.temp.o
                                        0x368 (size before relaxing)
 .debug_line_str
                0x00000000000005e5       0x39 C:\Users\m\AppData\Local\Temp\ccrppZbG.debug.temp.o
                                        0x22e (size before relaxing)
 .debug_line_str
                0x000000000000061e       0x41 C:\Users\m\AppData\Local\Temp\cceTThBS.debug.temp.o
                                        0x200 (size before relaxing)
 .debug_line_str
                0x000000000000065f       0x1c C:\Users\m\AppData\Local\Temp\ccNZd7t5.debug.temp.o
                                        0x29a (size before relaxing)
 .debug_line_str
                0x000000000000067b        0xc C:\Users\m\AppData\Local\Temp\cc8g7Z5h.debug.temp.o
                                         0xd9 (size before relaxing)
 .debug_line_str
                0x0000000000000687       0x26 C:\Users\m\AppData\Local\Temp\ccLbWGYt.debug.temp.o
                                        0x1ea (size before relaxing)
 .debug_line_str
                0x00000000000006ad        0xe C:\Users\m\AppData\Local\Temp\ccIG8IJF.debug.temp.o
                                         0xd7 (size before relaxing)
 .debug_line_str
                0x00000000000006bb       0x1a C:\Users\m\AppData\Local\Temp\ccr0UmAR.debug.temp.o
                                        0x14c (size before relaxing)
 .debug_line_str
                0x00000000000006d5       0x33 C:\Users\m\AppData\Local\Temp\ccgZktM3.debug.temp.o
                                        0x357 (size before relaxing)
 .debug_line_str
                0x0000000000000708       0x19 C:\Users\m\AppData\Local\Temp\ccla9qOf.debug.temp.o
                                        0x1e1 (size before relaxing)
 .debug_line_str
                0x0000000000000721        0xf C:\Users\m\AppData\Local\Temp\cceHhSVr.debug.temp.o
                                        0x1cd (size before relaxing)
 .debug_line_str
                0x0000000000000730       0x60 C:\Users\m\AppData\Local\Temp\ccPWDkVH.debug.temp.o
                                        0x249 (size before relaxing)
 .debug_line_str
                0x0000000000000790       0x60 C:\Users\m\AppData\Local\Temp\ccEBvQMX.debug.temp.o
                                        0x23a (size before relaxing)
 .debug_line_str
                0x00000000000007f0       0x62 C:\Users\m\AppData\Local\Temp\ccnfi14d.debug.temp.o
                                        0x240 (size before relaxing)
 .debug_line_str
                0x0000000000000852       0x61 C:\Users\m\AppData\Local\Temp\cckK0Peu.debug.temp.o
                                        0x24c (size before relaxing)
 .debug_line_str
                0x00000000000008b3       0x61 C:\Users\m\AppData\Local\Temp\ccdN98tK.debug.temp.o
                                        0x23d (size before relaxing)
 .debug_line_str
                0x0000000000000914       0x60 C:\Users\m\AppData\Local\Temp\ccgHvyZZ.debug.temp.o
                                        0x23a (size before relaxing)
 .debug_line_str
                0x0000000000000974       0x60 C:\Users\m\AppData\Local\Temp\cchINhff.debug.temp.o
                                        0x249 (size before relaxing)
 .debug_line_str
                0x00000000000009d4       0x62 C:\Users\m\AppData\Local\Temp\cckCVtXu.debug.temp.o
                                        0x24f (size before relaxing)
 .debug_line_str
                0x0000000000000a36       0x61 C:\Users\m\AppData\Local\Temp\cc7jpyLK.debug.temp.o
                                        0x23c (size before relaxing)
 .debug_line_str
                0x0000000000000a97       0x5f .pio\build\moj\FrameworkNoneOSStartup\startup_ch32v20x_D6.o
                                         0x75 (size before relaxing)

.comment        0x0000000000000000       0x31
 .comment       0x0000000000000000       0x32 C:\Users\m\AppData\Local\Temp\ccJ6ElGb.ltrans0.ltrans.o
 .comment       0x0000000000000000       0x31 c:/users/m/.platformio/packages/toolchain-riscv/bin/../lib/gcc/riscv-wch-elf/12.2.0/../../../../riscv-wch-elf/lib/rv32imac_xw/ilp32\libg_nano.a(lib_a-init.o)
                                         0x32 (size before relaxing)
 .comment       0x0000000000000031       0x32 c:/users/m/.platformio/packages/toolchain-riscv/bin/../lib/gcc/riscv-wch-elf/12.2.0/../../../../riscv-wch-elf/lib/rv32imac_xw/ilp32\libg_nano.a(lib_a-memcmp.o)
 .comment       0x0000000000000031       0x32 c:/users/m/.platformio/packages/toolchain-riscv/bin/../lib/gcc/riscv-wch-elf/12.2.0/rv32imac_xw/ilp32\libgcc.a(_ctzsi2.o)
 .comment       0x0000000000000031       0x32 c:/users/m/.platformio/packages/toolchain-riscv/bin/../lib/gcc/riscv-wch-elf/12.2.0/rv32imac_xw/ilp32\libgcc.a(_udivdi3.o)
 .comment       0x0000000000000031       0x32 c:/users/m/.platformio/packages/toolchain-riscv/bin/../lib/gcc/riscv-wch-elf/12.2.0/rv32imac_xw/ilp32\libgcc.a(adddf3.o)
 .comment       0x0000000000000031       0x32 c:/users/m/.platformio/packages/toolchain-riscv/bin/../lib/gcc/riscv-wch-elf/12.2.0/rv32imac_xw/ilp32\libgcc.a(divdf3.o)
 .comment       0x0000000000000031       0x32 c:/users/m/.platformio/packages/toolchain-riscv/bin/../lib/gcc/riscv-wch-elf/12.2.0/rv32imac_xw/ilp32\libgcc.a(addsf3.o)
 .comment       0x0000000000000031       0x32 c:/users/m/.platformio/packages/toolchain-riscv/bin/../lib/gcc/riscv-wch-elf/12.2.0/rv32imac_xw/ilp32\libgcc.a(divsf3.o)
 .comment       0x0000000000000031       0x32 c:/users/m/.platformio/packages/toolchain-riscv/bin/../lib/gcc/riscv-wch-elf/12.2.0/rv32imac_xw/ilp32\libgcc.a(eqsf2.o)
 .comment       0x0000000000000031       0x32 c:/users/m/.platformio/packages/toolchain-riscv/bin/../lib/gcc/riscv-wch-elf/12.2.0/rv32imac_xw/ilp32\libgcc.a(gesf2.o)
 .comment       0x0000000000000031       0x32 c:/users/m/.platformio/packages/toolchain-riscv/bin/../lib/gcc/riscv-wch-elf/12.2.0/rv32imac_xw/ilp32\libgcc.a(lesf2.o)
 .comment       0x0000000000000031       0x32 c:/users/m/.platformio/packages/toolchain-riscv/bin/../lib/gcc/riscv-wch-elf/12.2.0/rv32imac_xw/ilp32\libgcc.a(mulsf3.o)
 .comment       0x0000000000000031       0x32 c:/users/m/.platformio/packages/toolchain-riscv/bin/../lib/gcc/riscv-wch-elf/12.2.0/rv32imac_xw/ilp32\libgcc.a(subsf3.o)
 .comment       0x0000000000000031       0x32 c:/users/m/.platformio/packages/toolchain-riscv/bin/../lib/gcc/riscv-wch-elf/12.2.0/rv32imac_xw/ilp32\libgcc.a(fixsfsi.o)
 .comment       0x0000000000000031       0x32 c:/users/m/.platformio/packages/toolchain-riscv/bin/../lib/gcc/riscv-wch-elf/12.2.0/rv32imac_xw/ilp32\libgcc.a(fixunssfsi.o)
 .comment       0x0000000000000031       0x32 c:/users/m/.platformio/packages/toolchain-riscv/bin/../lib/gcc/riscv-wch-elf/12.2.0/rv32imac_xw/ilp32\libgcc.a(floatsisf.o)
 .comment       0x0000000000000031       0x32 c:/users/m/.platformio/packages/toolchain-riscv/bin/../lib/gcc/riscv-wch-elf/12.2.0/rv32imac_xw/ilp32\libgcc.a(floatunsisf.o)
 .comment       0x0000000000000031       0x32 c:/users/m/.platformio/packages/toolchain-riscv/bin/../lib/gcc/riscv-wch-elf/12.2.0/rv32imac_xw/ilp32\libgcc.a(floatundisf.o)
 .comment       0x0000000000000031       0x32 c:/users/m/.platformio/packages/toolchain-riscv/bin/../lib/gcc/riscv-wch-elf/12.2.0/rv32imac_xw/ilp32\libgcc.a(extendsfdf2.o)
 .comment       0x0000000000000031       0x32 c:/users/m/.platformio/packages/toolchain-riscv/bin/../lib/gcc/riscv-wch-elf/12.2.0/rv32imac_xw/ilp32\libgcc.a(truncdfsf2.o)
 .comment       0x0000000000000031       0x32 c:/users/m/.platformio/packages/toolchain-riscv/bin/../lib/gcc/riscv-wch-elf/12.2.0/rv32imac_xw/ilp32\libgcc.a(_clz.o)
 .comment       0x0000000000000031       0x32 c:/users/m/.platformio/packages/toolchain-riscv/bin/../lib/gcc/riscv-wch-elf/12.2.0/rv32imac_xw/ilp32\libgcc.a(_clzsi2.o)

.riscv.attributes
                0x0000000000000000       0x3a
 .riscv.attributes
                0x0000000000000000       0x3a C:\Users\m\AppData\Local\Temp\ccJ6ElGb.ltrans0.ltrans.o
 .riscv.attributes
                0x000000000000003a       0x38 .pio\build\moj\FrameworkNoneOSStartup\startup_ch32v20x_D6.o
 .riscv.attributes
                0x0000000000000072       0x3a c:/users/m/.platformio/packages/toolchain-riscv/bin/../lib/gcc/riscv-wch-elf/12.2.0/../../../../riscv-wch-elf/lib/rv32imac_xw/ilp32\libg_nano.a(lib_a-init.o)
 .riscv.attributes
                0x00000000000000ac       0x3a c:/users/m/.platformio/packages/toolchain-riscv/bin/../lib/gcc/riscv-wch-elf/12.2.0/../../../../riscv-wch-elf/lib/rv32imac_xw/ilp32\libg_nano.a(lib_a-memcmp.o)
 .riscv.attributes
                0x00000000000000e6       0x38 c:/users/m/.platformio/packages/toolchain-riscv/bin/../lib/gcc/riscv-wch-elf/12.2.0/../../../../riscv-wch-elf/lib/rv32imac_xw/ilp32\libg_nano.a(lib_a-memcpy-asm.o)
 .riscv.attributes
                0x000000000000011e       0x38 c:/users/m/.platformio/packages/toolchain-riscv/bin/../lib/gcc/riscv-wch-elf/12.2.0/../../../../riscv-wch-elf/lib/rv32imac_xw/ilp32\libg_nano.a(lib_a-memset.o)
 .riscv.attributes
                0x0000000000000156       0x3a c:/users/m/.platformio/packages/toolchain-riscv/bin/../lib/gcc/riscv-wch-elf/12.2.0/rv32imac_xw/ilp32\libgcc.a(_ctzsi2.o)
 .riscv.attributes
                0x0000000000000190       0x3a c:/users/m/.platformio/packages/toolchain-riscv/bin/../lib/gcc/riscv-wch-elf/12.2.0/rv32imac_xw/ilp32\libgcc.a(_udivdi3.o)
 .riscv.attributes
                0x00000000000001ca       0x3a c:/users/m/.platformio/packages/toolchain-riscv/bin/../lib/gcc/riscv-wch-elf/12.2.0/rv32imac_xw/ilp32\libgcc.a(adddf3.o)
 .riscv.attributes
                0x0000000000000204       0x3a c:/users/m/.platformio/packages/toolchain-riscv/bin/../lib/gcc/riscv-wch-elf/12.2.0/rv32imac_xw/ilp32\libgcc.a(divdf3.o)
 .riscv.attributes
                0x000000000000023e       0x3a c:/users/m/.platformio/packages/toolchain-riscv/bin/../lib/gcc/riscv-wch-elf/12.2.0/rv32imac_xw/ilp32\libgcc.a(addsf3.o)
 .riscv.attributes
                0x0000000000000278       0x3a c:/users/m/.platformio/packages/toolchain-riscv/bin/../lib/gcc/riscv-wch-elf/12.2.0/rv32imac_xw/ilp32\libgcc.a(divsf3.o)
 .riscv.attributes
                0x00000000000002b2       0x3a c:/users/m/.platformio/packages/toolchain-riscv/bin/../lib/gcc/riscv-wch-elf/12.2.0/rv32imac_xw/ilp32\libgcc.a(eqsf2.o)
 .riscv.attributes
                0x00000000000002ec       0x3a c:/users/m/.platformio/packages/toolchain-riscv/bin/../lib/gcc/riscv-wch-elf/12.2.0/rv32imac_xw/ilp32\libgcc.a(gesf2.o)
 .riscv.attributes
                0x0000000000000326       0x3a c:/users/m/.platformio/packages/toolchain-riscv/bin/../lib/gcc/riscv-wch-elf/12.2.0/rv32imac_xw/ilp32\libgcc.a(lesf2.o)
 .riscv.attributes
                0x0000000000000360       0x3a c:/users/m/.platformio/packages/toolchain-riscv/bin/../lib/gcc/riscv-wch-elf/12.2.0/rv32imac_xw/ilp32\libgcc.a(mulsf3.o)
 .riscv.attributes
                0x000000000000039a       0x3a c:/users/m/.platformio/packages/toolchain-riscv/bin/../lib/gcc/riscv-wch-elf/12.2.0/rv32imac_xw/ilp32\libgcc.a(subsf3.o)
 .riscv.attributes
                0x00000000000003d4       0x3a c:/users/m/.platformio/packages/toolchain-riscv/bin/../lib/gcc/riscv-wch-elf/12.2.0/rv32imac_xw/ilp32\libgcc.a(fixsfsi.o)
 .riscv.attributes
                0x000000000000040e       0x3a c:/users/m/.platformio/packages/toolchain-riscv/bin/../lib/gcc/riscv-wch-elf/12.2.0/rv32imac_xw/ilp32\libgcc.a(fixunssfsi.o)
 .riscv.attributes
                0x0000000000000448       0x3a c:/users/m/.platformio/packages/toolchain-riscv/bin/../lib/gcc/riscv-wch-elf/12.2.0/rv32imac_xw/ilp32\libgcc.a(floatsisf.o)
 .riscv.attributes
                0x0000000000000482       0x3a c:/users/m/.platformio/packages/toolchain-riscv/bin/../lib/gcc/riscv-wch-elf/12.2.0/rv32imac_xw/ilp32\libgcc.a(floatunsisf.o)
 .riscv.attributes
                0x00000000000004bc       0x3a c:/users/m/.platformio/packages/toolchain-riscv/bin/../lib/gcc/riscv-wch-elf/12.2.0/rv32imac_xw/ilp32\libgcc.a(floatundisf.o)
 .riscv.attributes
                0x00000000000004f6       0x3a c:/users/m/.platformio/packages/toolchain-riscv/bin/../lib/gcc/riscv-wch-elf/12.2.0/rv32imac_xw/ilp32\libgcc.a(extendsfdf2.o)
 .riscv.attributes
                0x0000000000000530       0x3a c:/users/m/.platformio/packages/toolchain-riscv/bin/../lib/gcc/riscv-wch-elf/12.2.0/rv32imac_xw/ilp32\libgcc.a(truncdfsf2.o)
 .riscv.attributes
                0x000000000000056a       0x38 c:/users/m/.platformio/packages/toolchain-riscv/bin/../lib/gcc/riscv-wch-elf/12.2.0/rv32imac_xw/ilp32\libgcc.a(save-restore.o)
 .riscv.attributes
                0x00000000000005a2       0x3a c:/users/m/.platformio/packages/toolchain-riscv/bin/../lib/gcc/riscv-wch-elf/12.2.0/rv32imac_xw/ilp32\libgcc.a(_clz.o)
 .riscv.attributes
                0x00000000000005dc       0x3a c:/users/m/.platformio/packages/toolchain-riscv/bin/../lib/gcc/riscv-wch-elf/12.2.0/rv32imac_xw/ilp32\libgcc.a(_clzsi2.o)

.debug_frame    0x0000000000000000      0xa98
 .debug_frame   0x0000000000000000      0xa98 C:\Users\m\AppData\Local\Temp\ccJ6ElGb.ltrans0.ltrans.o
